Archive member included to satisfy reference by file (symbol)

/opt/Atollic_TrueSTUDIO_for_STM32_x86_64_9.0.1/ARMTools/bin/../lib/gcc/arm-atollic-eabi/6.3.1/../../../../arm-atollic-eabi/lib/armv7e-m/fpu/libc_nano.a(lib_a-init.o)
                              src/startup_stm32f303xc.o (__libc_init_array)
/opt/Atollic_TrueSTUDIO_for_STM32_x86_64_9.0.1/ARMTools/bin/../lib/gcc/arm-atollic-eabi/6.3.1/../../../../arm-atollic-eabi/lib/armv7e-m/fpu/libc_nano.a(lib_a-strlen.o)
                              src/tiny_printf.o (strlen)
/opt/Atollic_TrueSTUDIO_for_STM32_x86_64_9.0.1/ARMTools/bin/../lib/gcc/arm-atollic-eabi/6.3.1/../../../../arm-atollic-eabi/lib/armv7e-m/fpu/libnosys.a(write.o)
                              src/tiny_printf.o (_write)
/opt/Atollic_TrueSTUDIO_for_STM32_x86_64_9.0.1/ARMTools/bin/../lib/gcc/arm-atollic-eabi/6.3.1/../../../../arm-atollic-eabi/lib/armv7e-m/fpu/libnosys.a(errno.o)
                              /opt/Atollic_TrueSTUDIO_for_STM32_x86_64_9.0.1/ARMTools/bin/../lib/gcc/arm-atollic-eabi/6.3.1/../../../../arm-atollic-eabi/lib/armv7e-m/fpu/libnosys.a(write.o) (errno)

Allocating common symbols
Common symbol       size              file

errno               0x4               /opt/Atollic_TrueSTUDIO_for_STM32_x86_64_9.0.1/ARMTools/bin/../lib/gcc/arm-atollic-eabi/6.3.1/../../../../arm-atollic-eabi/lib/armv7e-m/fpu/libnosys.a(errno.o)

Discarded input sections

 .text          0x0000000000000000        0x0 /opt/Atollic_TrueSTUDIO_for_STM32_x86_64_9.0.1/ARMTools/bin/../lib/gcc/arm-atollic-eabi/6.3.1/armv7e-m/fpu/crti.o
 .data          0x0000000000000000        0x0 /opt/Atollic_TrueSTUDIO_for_STM32_x86_64_9.0.1/ARMTools/bin/../lib/gcc/arm-atollic-eabi/6.3.1/armv7e-m/fpu/crti.o
 .bss           0x0000000000000000        0x0 /opt/Atollic_TrueSTUDIO_for_STM32_x86_64_9.0.1/ARMTools/bin/../lib/gcc/arm-atollic-eabi/6.3.1/armv7e-m/fpu/crti.o
 .data          0x0000000000000000        0x4 /opt/Atollic_TrueSTUDIO_for_STM32_x86_64_9.0.1/ARMTools/bin/../lib/gcc/arm-atollic-eabi/6.3.1/armv7e-m/fpu/crtbegin.o
 .text          0x0000000000000000        0x0 src/dac.o
 .data          0x0000000000000000        0x0 src/dac.o
 .bss           0x0000000000000000        0x0 src/dac.o
 .text._ZN3dacC2Ev
                0x0000000000000000       0x6c src/dac.o
 .text          0x0000000000000000        0x0 src/main.o
 .data          0x0000000000000000        0x0 src/main.o
 .bss           0x0000000000000000        0x0 src/main.o
 .data.sound_wav_len
                0x0000000000000000        0x4 src/main.o
 .text          0x0000000000000000        0x0 src/spi.o
 .data          0x0000000000000000        0x0 src/spi.o
 .bss           0x0000000000000000        0x0 src/spi.o
 .text          0x0000000000000000       0x14 src/startup_stm32f303xc.o
 .data          0x0000000000000000        0x0 src/startup_stm32f303xc.o
 .bss           0x0000000000000000        0x0 src/startup_stm32f303xc.o
 .text          0x0000000000000000        0x0 src/system_stm32f3xx.o
 .data          0x0000000000000000        0x0 src/system_stm32f3xx.o
 .bss           0x0000000000000000        0x0 src/system_stm32f3xx.o
 .text          0x0000000000000000        0x0 src/tiny_printf.o
 .data          0x0000000000000000        0x0 src/tiny_printf.o
 .bss           0x0000000000000000        0x0 src/tiny_printf.o
 .text.ts_itoa  0x0000000000000000       0x92 src/tiny_printf.o
 .text.ts_formatstring
                0x0000000000000000      0x12e src/tiny_printf.o
 .text.ts_formatlength
                0x0000000000000000      0x12c src/tiny_printf.o
 .text.siprintf
                0x0000000000000000       0x2c src/tiny_printf.o
 .text.fiprintf
                0x0000000000000000       0x9a src/tiny_printf.o
 .text.iprintf  0x0000000000000000       0x92 src/tiny_printf.o
 .rodata        0x0000000000000000        0x2 src/tiny_printf.o
 .text.fputs    0x0000000000000000       0x68 src/tiny_printf.o
 .text.puts     0x0000000000000000       0x58 src/tiny_printf.o
 .text.fwrite   0x0000000000000000       0x38 src/tiny_printf.o
 .debug_info    0x0000000000000000      0xc78 src/tiny_printf.o
 .debug_abbrev  0x0000000000000000      0x262 src/tiny_printf.o
 .debug_aranges
                0x0000000000000000       0x60 src/tiny_printf.o
 .debug_ranges  0x0000000000000000       0x50 src/tiny_printf.o
 .debug_line    0x0000000000000000      0x29e src/tiny_printf.o
 .debug_str     0x0000000000000000      0x68b src/tiny_printf.o
 .comment       0x0000000000000000       0x7d src/tiny_printf.o
 .debug_frame   0x0000000000000000      0x1bc src/tiny_printf.o
 .ARM.attributes
                0x0000000000000000       0x39 src/tiny_printf.o
 .text          0x0000000000000000        0x0 /opt/Atollic_TrueSTUDIO_for_STM32_x86_64_9.0.1/ARMTools/bin/../lib/gcc/arm-atollic-eabi/6.3.1/../../../../arm-atollic-eabi/lib/armv7e-m/fpu/libc_nano.a(lib_a-init.o)
 .data          0x0000000000000000        0x0 /opt/Atollic_TrueSTUDIO_for_STM32_x86_64_9.0.1/ARMTools/bin/../lib/gcc/arm-atollic-eabi/6.3.1/../../../../arm-atollic-eabi/lib/armv7e-m/fpu/libc_nano.a(lib_a-init.o)
 .bss           0x0000000000000000        0x0 /opt/Atollic_TrueSTUDIO_for_STM32_x86_64_9.0.1/ARMTools/bin/../lib/gcc/arm-atollic-eabi/6.3.1/../../../../arm-atollic-eabi/lib/armv7e-m/fpu/libc_nano.a(lib_a-init.o)
 .text          0x0000000000000000       0x10 /opt/Atollic_TrueSTUDIO_for_STM32_x86_64_9.0.1/ARMTools/bin/../lib/gcc/arm-atollic-eabi/6.3.1/../../../../arm-atollic-eabi/lib/armv7e-m/fpu/libc_nano.a(lib_a-strlen.o)
 .data          0x0000000000000000        0x0 /opt/Atollic_TrueSTUDIO_for_STM32_x86_64_9.0.1/ARMTools/bin/../lib/gcc/arm-atollic-eabi/6.3.1/../../../../arm-atollic-eabi/lib/armv7e-m/fpu/libc_nano.a(lib_a-strlen.o)
 .bss           0x0000000000000000        0x0 /opt/Atollic_TrueSTUDIO_for_STM32_x86_64_9.0.1/ARMTools/bin/../lib/gcc/arm-atollic-eabi/6.3.1/../../../../arm-atollic-eabi/lib/armv7e-m/fpu/libc_nano.a(lib_a-strlen.o)
 .ARM.attributes
                0x0000000000000000       0x1b /opt/Atollic_TrueSTUDIO_for_STM32_x86_64_9.0.1/ARMTools/bin/../lib/gcc/arm-atollic-eabi/6.3.1/../../../../arm-atollic-eabi/lib/armv7e-m/fpu/libc_nano.a(lib_a-strlen.o)
 .text          0x0000000000000000        0x0 /opt/Atollic_TrueSTUDIO_for_STM32_x86_64_9.0.1/ARMTools/bin/../lib/gcc/arm-atollic-eabi/6.3.1/../../../../arm-atollic-eabi/lib/armv7e-m/fpu/libnosys.a(write.o)
 .data          0x0000000000000000        0x0 /opt/Atollic_TrueSTUDIO_for_STM32_x86_64_9.0.1/ARMTools/bin/../lib/gcc/arm-atollic-eabi/6.3.1/../../../../arm-atollic-eabi/lib/armv7e-m/fpu/libnosys.a(write.o)
 .bss           0x0000000000000000        0x0 /opt/Atollic_TrueSTUDIO_for_STM32_x86_64_9.0.1/ARMTools/bin/../lib/gcc/arm-atollic-eabi/6.3.1/../../../../arm-atollic-eabi/lib/armv7e-m/fpu/libnosys.a(write.o)
 .stab          0x0000000000000000       0x24 /opt/Atollic_TrueSTUDIO_for_STM32_x86_64_9.0.1/ARMTools/bin/../lib/gcc/arm-atollic-eabi/6.3.1/../../../../arm-atollic-eabi/lib/armv7e-m/fpu/libnosys.a(write.o)
 .text._write   0x0000000000000000       0x10 /opt/Atollic_TrueSTUDIO_for_STM32_x86_64_9.0.1/ARMTools/bin/../lib/gcc/arm-atollic-eabi/6.3.1/../../../../arm-atollic-eabi/lib/armv7e-m/fpu/libnosys.a(write.o)
 .debug_frame   0x0000000000000000       0x20 /opt/Atollic_TrueSTUDIO_for_STM32_x86_64_9.0.1/ARMTools/bin/../lib/gcc/arm-atollic-eabi/6.3.1/../../../../arm-atollic-eabi/lib/armv7e-m/fpu/libnosys.a(write.o)
 .ARM.attributes
                0x0000000000000000       0x34 /opt/Atollic_TrueSTUDIO_for_STM32_x86_64_9.0.1/ARMTools/bin/../lib/gcc/arm-atollic-eabi/6.3.1/../../../../arm-atollic-eabi/lib/armv7e-m/fpu/libnosys.a(write.o)
 .text          0x0000000000000000        0x0 /opt/Atollic_TrueSTUDIO_for_STM32_x86_64_9.0.1/ARMTools/bin/../lib/gcc/arm-atollic-eabi/6.3.1/../../../../arm-atollic-eabi/lib/armv7e-m/fpu/libnosys.a(errno.o)
 .data          0x0000000000000000        0x0 /opt/Atollic_TrueSTUDIO_for_STM32_x86_64_9.0.1/ARMTools/bin/../lib/gcc/arm-atollic-eabi/6.3.1/../../../../arm-atollic-eabi/lib/armv7e-m/fpu/libnosys.a(errno.o)
 .bss           0x0000000000000000        0x0 /opt/Atollic_TrueSTUDIO_for_STM32_x86_64_9.0.1/ARMTools/bin/../lib/gcc/arm-atollic-eabi/6.3.1/../../../../arm-atollic-eabi/lib/armv7e-m/fpu/libnosys.a(errno.o)
 .ARM.attributes
                0x0000000000000000       0x34 /opt/Atollic_TrueSTUDIO_for_STM32_x86_64_9.0.1/ARMTools/bin/../lib/gcc/arm-atollic-eabi/6.3.1/../../../../arm-atollic-eabi/lib/armv7e-m/fpu/libnosys.a(errno.o)
 COMMON         0x0000000000000000        0x4 /opt/Atollic_TrueSTUDIO_for_STM32_x86_64_9.0.1/ARMTools/bin/../lib/gcc/arm-atollic-eabi/6.3.1/../../../../arm-atollic-eabi/lib/armv7e-m/fpu/libnosys.a(errno.o)
 .text          0x0000000000000000        0x0 /opt/Atollic_TrueSTUDIO_for_STM32_x86_64_9.0.1/ARMTools/bin/../lib/gcc/arm-atollic-eabi/6.3.1/armv7e-m/fpu/crtend.o
 .data          0x0000000000000000        0x0 /opt/Atollic_TrueSTUDIO_for_STM32_x86_64_9.0.1/ARMTools/bin/../lib/gcc/arm-atollic-eabi/6.3.1/armv7e-m/fpu/crtend.o
 .bss           0x0000000000000000        0x0 /opt/Atollic_TrueSTUDIO_for_STM32_x86_64_9.0.1/ARMTools/bin/../lib/gcc/arm-atollic-eabi/6.3.1/armv7e-m/fpu/crtend.o
 .eh_frame      0x0000000000000000        0x4 /opt/Atollic_TrueSTUDIO_for_STM32_x86_64_9.0.1/ARMTools/bin/../lib/gcc/arm-atollic-eabi/6.3.1/armv7e-m/fpu/crtend.o
 .ARM.attributes
                0x0000000000000000       0x34 /opt/Atollic_TrueSTUDIO_for_STM32_x86_64_9.0.1/ARMTools/bin/../lib/gcc/arm-atollic-eabi/6.3.1/armv7e-m/fpu/crtend.o
 .text          0x0000000000000000        0x0 /opt/Atollic_TrueSTUDIO_for_STM32_x86_64_9.0.1/ARMTools/bin/../lib/gcc/arm-atollic-eabi/6.3.1/armv7e-m/fpu/crtn.o
 .data          0x0000000000000000        0x0 /opt/Atollic_TrueSTUDIO_for_STM32_x86_64_9.0.1/ARMTools/bin/../lib/gcc/arm-atollic-eabi/6.3.1/armv7e-m/fpu/crtn.o
 .bss           0x0000000000000000        0x0 /opt/Atollic_TrueSTUDIO_for_STM32_x86_64_9.0.1/ARMTools/bin/../lib/gcc/arm-atollic-eabi/6.3.1/armv7e-m/fpu/crtn.o

Memory Configuration

Name             Origin             Length             Attributes
FLASH            0x0000000008000000 0x0000000000040000 xr
RAM              0x0000000020000000 0x000000000000a000 xrw
MEMORY_B1        0x0000000060000000 0x0000000000000000 xr
CCMRAM           0x0000000010000000 0x0000000000002000 rw
*default*        0x0000000000000000 0xffffffffffffffff

Linker script and memory map

LOAD /opt/Atollic_TrueSTUDIO_for_STM32_x86_64_9.0.1/ARMTools/bin/../lib/gcc/arm-atollic-eabi/6.3.1/armv7e-m/fpu/crti.o
LOAD /opt/Atollic_TrueSTUDIO_for_STM32_x86_64_9.0.1/ARMTools/bin/../lib/gcc/arm-atollic-eabi/6.3.1/armv7e-m/fpu/crtbegin.o
LOAD src/dac.o
LOAD src/main.o
LOAD src/spi.o
LOAD src/startup_stm32f303xc.o
LOAD src/system_stm32f3xx.o
LOAD src/tiny_printf.o
                0x0000000000001000                malloc_getpagesize_P = 0x1000
START GROUP
LOAD /opt/Atollic_TrueSTUDIO_for_STM32_x86_64_9.0.1/ARMTools/bin/../lib/gcc/arm-atollic-eabi/6.3.1/../../../../arm-atollic-eabi/lib/armv7e-m/fpu/libstdc++_nano.a
LOAD /opt/Atollic_TrueSTUDIO_for_STM32_x86_64_9.0.1/ARMTools/bin/../lib/gcc/arm-atollic-eabi/6.3.1/../../../../arm-atollic-eabi/lib/armv7e-m/fpu/libsupc++_nano.a
END GROUP
LOAD /opt/Atollic_TrueSTUDIO_for_STM32_x86_64_9.0.1/ARMTools/bin/../lib/gcc/arm-atollic-eabi/6.3.1/../../../../arm-atollic-eabi/lib/armv7e-m/fpu/libstdc++_nano.a
LOAD /opt/Atollic_TrueSTUDIO_for_STM32_x86_64_9.0.1/ARMTools/bin/../lib/gcc/arm-atollic-eabi/6.3.1/../../../../arm-atollic-eabi/lib/armv7e-m/fpu/libm.a
LOAD /opt/Atollic_TrueSTUDIO_for_STM32_x86_64_9.0.1/ARMTools/bin/../lib/gcc/arm-atollic-eabi/6.3.1/../../../../arm-atollic-eabi/lib/armv7e-m/fpu/libc_nano.a
START GROUP
LOAD /opt/Atollic_TrueSTUDIO_for_STM32_x86_64_9.0.1/ARMTools/bin/../lib/gcc/arm-atollic-eabi/6.3.1/armv7e-m/fpu/libgcc.a
LOAD /opt/Atollic_TrueSTUDIO_for_STM32_x86_64_9.0.1/ARMTools/bin/../lib/gcc/arm-atollic-eabi/6.3.1/../../../../arm-atollic-eabi/lib/armv7e-m/fpu/libc_nano.a
END GROUP
START GROUP
LOAD /opt/Atollic_TrueSTUDIO_for_STM32_x86_64_9.0.1/ARMTools/bin/../lib/gcc/arm-atollic-eabi/6.3.1/armv7e-m/fpu/libgcc.a
LOAD /opt/Atollic_TrueSTUDIO_for_STM32_x86_64_9.0.1/ARMTools/bin/../lib/gcc/arm-atollic-eabi/6.3.1/../../../../arm-atollic-eabi/lib/armv7e-m/fpu/libc_nano.a
LOAD /opt/Atollic_TrueSTUDIO_for_STM32_x86_64_9.0.1/ARMTools/bin/../lib/gcc/arm-atollic-eabi/6.3.1/../../../../arm-atollic-eabi/lib/armv7e-m/fpu/libnosys.a
END GROUP
START GROUP
LOAD /opt/Atollic_TrueSTUDIO_for_STM32_x86_64_9.0.1/ARMTools/bin/../lib/gcc/arm-atollic-eabi/6.3.1/armv7e-m/fpu/libgcc.a
LOAD /opt/Atollic_TrueSTUDIO_for_STM32_x86_64_9.0.1/ARMTools/bin/../lib/gcc/arm-atollic-eabi/6.3.1/../../../../arm-atollic-eabi/lib/armv7e-m/fpu/libc_nano.a
LOAD /opt/Atollic_TrueSTUDIO_for_STM32_x86_64_9.0.1/ARMTools/bin/../lib/gcc/arm-atollic-eabi/6.3.1/../../../../arm-atollic-eabi/lib/armv7e-m/fpu/libnosys.a
END GROUP
LOAD /opt/Atollic_TrueSTUDIO_for_STM32_x86_64_9.0.1/ARMTools/bin/../lib/gcc/arm-atollic-eabi/6.3.1/armv7e-m/fpu/crtend.o
LOAD /opt/Atollic_TrueSTUDIO_for_STM32_x86_64_9.0.1/ARMTools/bin/../lib/gcc/arm-atollic-eabi/6.3.1/armv7e-m/fpu/crtn.o
                0x000000002000a000                _estack = 0x2000a000
                0x0000000000000000                _Min_Heap_Size = 0x0
                0x0000000000000200                _Min_Stack_Size = 0x200

.isr_vector     0x0000000008000000      0x188
                0x0000000008000000                . = ALIGN (0x4)
 *(.isr_vector)
 .isr_vector    0x0000000008000000      0x188 src/startup_stm32f303xc.o
                0x0000000008000000                g_pfnVectors
                0x0000000008000188                . = ALIGN (0x4)

.text           0x0000000008000188      0x57c
                0x0000000008000188                . = ALIGN (0x4)
 *(.text)
 .text          0x0000000008000188       0x40 /opt/Atollic_TrueSTUDIO_for_STM32_x86_64_9.0.1/ARMTools/bin/../lib/gcc/arm-atollic-eabi/6.3.1/armv7e-m/fpu/crtbegin.o
 *(.text*)
 .text._ZN3dacC2EPhm
                0x00000000080001c8       0xc4 src/dac.o
                0x00000000080001c8                dac::dac(unsigned char*, unsigned long)
                0x00000000080001c8                dac::dac(unsigned char*, unsigned long)
 .text.main     0x000000000800028c       0x64 src/main.o
                0x000000000800028c                main
 .text._ZN9SpiDriverC2Ev
                0x00000000080002f0      0x144 src/spi.o
                0x00000000080002f0                SpiDriver::SpiDriver()
                0x00000000080002f0                SpiDriver::SpiDriver()
 .text._ZN9SpiDriver8TransmitEh
                0x0000000008000434       0x78 src/spi.o
                0x0000000008000434                SpiDriver::Transmit(unsigned char)
 .text.Reset_Handler
                0x00000000080004ac       0x50 src/startup_stm32f303xc.o
                0x00000000080004ac                Reset_Handler
 .text.Default_Handler
                0x00000000080004fc        0x2 src/startup_stm32f303xc.o
                0x00000000080004fc                RTC_Alarm_IRQHandler
                0x00000000080004fc                TIM8_TRG_COM_IRQHandler
                0x00000000080004fc                TIM8_CC_IRQHandler
                0x00000000080004fc                DebugMon_Handler
                0x00000000080004fc                TIM1_CC_IRQHandler
                0x00000000080004fc                HardFault_Handler
                0x00000000080004fc                USB_HP_IRQHandler
                0x00000000080004fc                SysTick_Handler
                0x00000000080004fc                PVD_IRQHandler
                0x00000000080004fc                TAMP_STAMP_IRQHandler
                0x00000000080004fc                PendSV_Handler
                0x00000000080004fc                NMI_Handler
                0x00000000080004fc                EXTI3_IRQHandler
                0x00000000080004fc                USB_HP_CAN_TX_IRQHandler
                0x00000000080004fc                EXTI0_IRQHandler
                0x00000000080004fc                I2C2_EV_IRQHandler
                0x00000000080004fc                FPU_IRQHandler
                0x00000000080004fc                TIM1_UP_TIM16_IRQHandler
                0x00000000080004fc                UsageFault_Handler
                0x00000000080004fc                ADC1_2_IRQHandler
                0x00000000080004fc                SPI1_IRQHandler
                0x00000000080004fc                CAN_SCE_IRQHandler
                0x00000000080004fc                TIM6_DAC_IRQHandler
                0x00000000080004fc                TIM8_UP_IRQHandler
                0x00000000080004fc                DMA2_Channel2_IRQHandler
                0x00000000080004fc                DMA1_Channel4_IRQHandler
                0x00000000080004fc                USART3_IRQHandler
                0x00000000080004fc                DMA1_Channel7_IRQHandler
                0x00000000080004fc                UART5_IRQHandler
                0x00000000080004fc                ADC3_IRQHandler
                0x00000000080004fc                TIM4_IRQHandler
                0x00000000080004fc                CAN_RX1_IRQHandler
                0x00000000080004fc                DMA2_Channel1_IRQHandler
                0x00000000080004fc                I2C1_EV_IRQHandler
                0x00000000080004fc                DMA1_Channel6_IRQHandler
                0x00000000080004fc                UART4_IRQHandler
                0x00000000080004fc                DMA2_Channel4_IRQHandler
                0x00000000080004fc                TIM3_IRQHandler
                0x00000000080004fc                RCC_IRQHandler
                0x00000000080004fc                DMA1_Channel1_IRQHandler
                0x00000000080004fc                Default_Handler
                0x00000000080004fc                USBWakeUp_RMP_IRQHandler
                0x00000000080004fc                EXTI15_10_IRQHandler
                0x00000000080004fc                TIM7_IRQHandler
                0x00000000080004fc                EXTI9_5_IRQHandler
                0x00000000080004fc                RTC_WKUP_IRQHandler
                0x00000000080004fc                SPI2_IRQHandler
                0x00000000080004fc                USB_LP_CAN_RX0_IRQHandler
                0x00000000080004fc                MemManage_Handler
                0x00000000080004fc                SVC_Handler
                0x00000000080004fc                DMA2_Channel5_IRQHandler
                0x00000000080004fc                DMA1_Channel5_IRQHandler
                0x00000000080004fc                USB_LP_IRQHandler
                0x00000000080004fc                EXTI4_IRQHandler
                0x00000000080004fc                TIM1_TRG_COM_TIM17_IRQHandler
                0x00000000080004fc                DMA1_Channel3_IRQHandler
                0x00000000080004fc                ADC4_IRQHandler
                0x00000000080004fc                WWDG_IRQHandler
                0x00000000080004fc                TIM2_IRQHandler
                0x00000000080004fc                COMP7_IRQHandler
                0x00000000080004fc                COMP1_2_3_IRQHandler
                0x00000000080004fc                EXTI1_IRQHandler
                0x00000000080004fc                USART2_IRQHandler
                0x00000000080004fc                COMP4_5_6_IRQHandler
                0x00000000080004fc                I2C2_ER_IRQHandler
                0x00000000080004fc                DMA1_Channel2_IRQHandler
                0x00000000080004fc                TIM8_BRK_IRQHandler
                0x00000000080004fc                FLASH_IRQHandler
                0x00000000080004fc                BusFault_Handler
                0x00000000080004fc                USART1_IRQHandler
                0x00000000080004fc                SPI3_IRQHandler
                0x00000000080004fc                I2C1_ER_IRQHandler
                0x00000000080004fc                USBWakeUp_IRQHandler
                0x00000000080004fc                DMA2_Channel3_IRQHandler
                0x00000000080004fc                EXTI2_TSC_IRQHandler
                0x00000000080004fc                TIM1_BRK_TIM15_IRQHandler
 *fill*         0x00000000080004fe        0x2 
 .text.SystemInit
                0x0000000008000500       0xcc src/system_stm32f3xx.o
                0x0000000008000500                SystemInit
 .text.SystemCoreClockUpdate
                0x00000000080005cc       0xd8 src/system_stm32f3xx.o
                0x00000000080005cc                SystemCoreClockUpdate
 .text.__libc_init_array
                0x00000000080006a4       0x48 /opt/Atollic_TrueSTUDIO_for_STM32_x86_64_9.0.1/ARMTools/bin/../lib/gcc/arm-atollic-eabi/6.3.1/../../../../arm-atollic-eabi/lib/armv7e-m/fpu/libc_nano.a(lib_a-init.o)
                0x00000000080006a4                __libc_init_array
 *(.glue_7)
 .glue_7        0x00000000080006ec        0x0 linker stubs
 *(.glue_7t)
 .glue_7t       0x00000000080006ec        0x0 linker stubs
 *(.eh_frame)
 .eh_frame      0x00000000080006ec        0x0 /opt/Atollic_TrueSTUDIO_for_STM32_x86_64_9.0.1/ARMTools/bin/../lib/gcc/arm-atollic-eabi/6.3.1/armv7e-m/fpu/crtbegin.o
 *(.init)
 .init          0x00000000080006ec        0x4 /opt/Atollic_TrueSTUDIO_for_STM32_x86_64_9.0.1/ARMTools/bin/../lib/gcc/arm-atollic-eabi/6.3.1/armv7e-m/fpu/crti.o
                0x00000000080006ec                _init
 .init          0x00000000080006f0        0x8 /opt/Atollic_TrueSTUDIO_for_STM32_x86_64_9.0.1/ARMTools/bin/../lib/gcc/arm-atollic-eabi/6.3.1/armv7e-m/fpu/crtn.o
 *(.fini)
 .fini          0x00000000080006f8        0x4 /opt/Atollic_TrueSTUDIO_for_STM32_x86_64_9.0.1/ARMTools/bin/../lib/gcc/arm-atollic-eabi/6.3.1/armv7e-m/fpu/crti.o
                0x00000000080006f8                _fini
 .fini          0x00000000080006fc        0x8 /opt/Atollic_TrueSTUDIO_for_STM32_x86_64_9.0.1/ARMTools/bin/../lib/gcc/arm-atollic-eabi/6.3.1/armv7e-m/fpu/crtn.o
                0x0000000008000704                . = ALIGN (0x4)
                0x0000000008000704                _etext = .

.vfp11_veneer   0x0000000008000704        0x0
 .vfp11_veneer  0x0000000008000704        0x0 linker stubs

.v4_bx          0x0000000008000704        0x0
 .v4_bx         0x0000000008000704        0x0 linker stubs

.iplt           0x0000000008000704        0x0
 .iplt          0x0000000008000704        0x0 /opt/Atollic_TrueSTUDIO_for_STM32_x86_64_9.0.1/ARMTools/bin/../lib/gcc/arm-atollic-eabi/6.3.1/armv7e-m/fpu/crtbegin.o

.rel.dyn        0x0000000008000704        0x0
 .rel.iplt      0x0000000008000704        0x0 /opt/Atollic_TrueSTUDIO_for_STM32_x86_64_9.0.1/ARMTools/bin/../lib/gcc/arm-atollic-eabi/6.3.1/armv7e-m/fpu/crtbegin.o

.rodata         0x0000000008000704        0x0
                0x0000000008000704                . = ALIGN (0x4)
 *(.rodata)
 *(.rodata*)
                0x0000000008000704                . = ALIGN (0x4)

.ARM.extab
 *(.ARM.extab* .gnu.linkonce.armextab.*)

.ARM            0x0000000008000704        0x0
                0x0000000008000704                __exidx_start = .
 *(.ARM.exidx*)
                0x0000000008000704                __exidx_end = .

.preinit_array  0x0000000008000704        0x0
                0x0000000008000704                PROVIDE (__preinit_array_start, .)
 *(.preinit_array*)
                0x0000000008000704                PROVIDE (__preinit_array_end, .)

.init_array     0x0000000008000704        0x4
                0x0000000008000704                PROVIDE (__init_array_start, .)
 *(SORT(.init_array.*))
 *(.init_array*)
 .init_array    0x0000000008000704        0x4 /opt/Atollic_TrueSTUDIO_for_STM32_x86_64_9.0.1/ARMTools/bin/../lib/gcc/arm-atollic-eabi/6.3.1/armv7e-m/fpu/crtbegin.o
                0x0000000008000708                PROVIDE (__init_array_end, .)

.fini_array     0x0000000008000708        0x4
                [!provide]                        PROVIDE (__fini_array_start, .)
 *(SORT(.fini_array.*))
 *(.fini_array*)
 .fini_array    0x0000000008000708        0x4 /opt/Atollic_TrueSTUDIO_for_STM32_x86_64_9.0.1/ARMTools/bin/../lib/gcc/arm-atollic-eabi/6.3.1/armv7e-m/fpu/crtbegin.o
                [!provide]                        PROVIDE (__fini_array_end, .)
                0x000000000800070c                _sidata = LOADADDR (.data)

.data           0x0000000020000000     0x8a98 load address 0x000000000800070c
                0x0000000020000000                . = ALIGN (0x4)
                0x0000000020000000                _sdata = .
 *(.data)
 *(.data*)
 .data.sound_wav
                0x0000000020000000     0x8a84 src/main.o
                0x0000000020000000                sound_wav
 .data.SystemCoreClock
                0x0000000020008a84        0x4 src/system_stm32f3xx.o
                0x0000000020008a84                SystemCoreClock
 .data.AHBPrescTable
                0x0000000020008a88       0x10 src/system_stm32f3xx.o
                0x0000000020008a88                AHBPrescTable
                0x0000000020008a98                . = ALIGN (0x4)
                0x0000000020008a98                _edata = .
                0x00000000080091a4                _siccmram = LOADADDR (.ccmram)

.igot.plt       0x0000000020008a98        0x0 load address 0x00000000080091a4
 .igot.plt      0x0000000020008a98        0x0 /opt/Atollic_TrueSTUDIO_for_STM32_x86_64_9.0.1/ARMTools/bin/../lib/gcc/arm-atollic-eabi/6.3.1/armv7e-m/fpu/crtbegin.o

.ccmram         0x0000000010000000        0x0 load address 0x00000000080091a4
                0x0000000010000000                . = ALIGN (0x4)
                0x0000000010000000                _sccmram = .
 *(.ccmram)
 *(.ccmram*)
                0x0000000010000000                . = ALIGN (0x4)
                0x0000000010000000                _eccmram = .
                0x0000000010000000                . = ALIGN (0x4)

.bss            0x0000000020008a98       0x1c
                0x0000000020008a98                _sbss = .
                0x0000000020008a98                __bss_start__ = _sbss
 *(.bss)
 .bss           0x0000000020008a98       0x1c /opt/Atollic_TrueSTUDIO_for_STM32_x86_64_9.0.1/ARMTools/bin/../lib/gcc/arm-atollic-eabi/6.3.1/armv7e-m/fpu/crtbegin.o
 *(.bss*)
 *(COMMON)
                0x0000000020008ab4                . = ALIGN (0x4)
                0x0000000020008ab4                _ebss = .
                0x0000000020008ab4                __bss_end__ = _ebss

._user_heap_stack
                0x0000000020008ab4      0x200
                0x0000000020008ab4                . = ALIGN (0x4)
                [!provide]                        PROVIDE (end, .)
                [!provide]                        PROVIDE (_end, .)
                0x0000000020008ab4                . = (. + _Min_Heap_Size)
                0x0000000020008cb4                . = (. + _Min_Stack_Size)
 *fill*         0x0000000020008ab4      0x200 
                0x0000000020008cb4                . = ALIGN (0x4)

.memory_b1_text
 *(.mb1text)
 *(.mb1text*)
 *(.mb1rodata)
 *(.mb1rodata*)

/DISCARD/
 libc.a(*)
 libm.a(*)
 libgcc.a(*)

.ARM.attributes
                0x0000000000000000       0x30
 *(.ARM.attributes)
 .ARM.attributes
                0x0000000000000000       0x22 /opt/Atollic_TrueSTUDIO_for_STM32_x86_64_9.0.1/ARMTools/bin/../lib/gcc/arm-atollic-eabi/6.3.1/armv7e-m/fpu/crti.o
 .ARM.attributes
                0x0000000000000022       0x34 /opt/Atollic_TrueSTUDIO_for_STM32_x86_64_9.0.1/ARMTools/bin/../lib/gcc/arm-atollic-eabi/6.3.1/armv7e-m/fpu/crtbegin.o
 .ARM.attributes
                0x0000000000000056       0x39 src/dac.o
 .ARM.attributes
                0x000000000000008f       0x39 src/main.o
 .ARM.attributes
                0x00000000000000c8       0x39 src/spi.o
 .ARM.attributes
                0x0000000000000101       0x21 src/startup_stm32f303xc.o
 .ARM.attributes
                0x0000000000000122       0x39 src/system_stm32f3xx.o
 .ARM.attributes
                0x000000000000015b       0x34 /opt/Atollic_TrueSTUDIO_for_STM32_x86_64_9.0.1/ARMTools/bin/../lib/gcc/arm-atollic-eabi/6.3.1/../../../../arm-atollic-eabi/lib/armv7e-m/fpu/libc_nano.a(lib_a-init.o)
 .ARM.attributes
                0x000000000000018f       0x22 /opt/Atollic_TrueSTUDIO_for_STM32_x86_64_9.0.1/ARMTools/bin/../lib/gcc/arm-atollic-eabi/6.3.1/armv7e-m/fpu/crtn.o
OUTPUT(home_control_ring.elf elf32-littlearm)

.debug_info     0x0000000000000000      0xc5e
 .debug_info    0x0000000000000000      0x1d7 src/dac.o
 .debug_info    0x00000000000001d7      0x2a0 src/main.o
 .debug_info    0x0000000000000477      0x30c src/spi.o
 .debug_info    0x0000000000000783       0x7a src/startup_stm32f303xc.o
 .debug_info    0x00000000000007fd      0x461 src/system_stm32f3xx.o

.debug_abbrev   0x0000000000000000      0x550
 .debug_abbrev  0x0000000000000000      0x11f src/dac.o
 .debug_abbrev  0x000000000000011f      0x184 src/main.o
 .debug_abbrev  0x00000000000002a3      0x17c src/spi.o
 .debug_abbrev  0x000000000000041f       0x12 src/startup_stm32f303xc.o
 .debug_abbrev  0x0000000000000431      0x11f src/system_stm32f3xx.o

.debug_aranges  0x0000000000000000       0xc0
 .debug_aranges
                0x0000000000000000       0x28 src/dac.o
 .debug_aranges
                0x0000000000000028       0x20 src/main.o
 .debug_aranges
                0x0000000000000048       0x28 src/spi.o
 .debug_aranges
                0x0000000000000070       0x28 src/startup_stm32f303xc.o
 .debug_aranges
                0x0000000000000098       0x28 src/system_stm32f3xx.o

.debug_ranges   0x0000000000000000       0x78
 .debug_ranges  0x0000000000000000       0x18 src/dac.o
 .debug_ranges  0x0000000000000018       0x10 src/main.o
 .debug_ranges  0x0000000000000028       0x18 src/spi.o
 .debug_ranges  0x0000000000000040       0x20 src/startup_stm32f303xc.o
 .debug_ranges  0x0000000000000060       0x18 src/system_stm32f3xx.o

.debug_line     0x0000000000000000      0x77d
 .debug_line    0x0000000000000000      0x1a6 src/dac.o
 .debug_line    0x00000000000001a6      0x1bb src/main.o
 .debug_line    0x0000000000000361      0x1c0 src/spi.o
 .debug_line    0x0000000000000521       0x7b src/startup_stm32f303xc.o
 .debug_line    0x000000000000059c      0x1e1 src/system_stm32f3xx.o

.debug_str      0x0000000000000000      0x5ac
 .debug_str     0x0000000000000000      0x230 src/dac.o
                                        0x27d (size before relaxing)
 .debug_str     0x0000000000000230       0xe0 src/main.o
                                        0x339 (size before relaxing)
 .debug_str     0x0000000000000310       0x9c src/spi.o
                                        0x319 (size before relaxing)
 .debug_str     0x00000000000003ac      0x200 src/system_stm32f3xx.o
                                        0x324 (size before relaxing)

.comment        0x0000000000000000       0x7c
 .comment       0x0000000000000000       0x7c src/dac.o
                                         0x7d (size before relaxing)
 .comment       0x000000000000007c       0x7d src/main.o
 .comment       0x000000000000007c       0x7d src/spi.o
 .comment       0x000000000000007c       0x7d src/system_stm32f3xx.o

.debug_frame    0x0000000000000000      0x174
 .debug_frame   0x0000000000000000       0x60 src/dac.o
 .debug_frame   0x0000000000000060       0x30 src/main.o
 .debug_frame   0x0000000000000090       0x60 src/spi.o
 .debug_frame   0x00000000000000f0       0x58 src/system_stm32f3xx.o
 .debug_frame   0x0000000000000148       0x2c /opt/Atollic_TrueSTUDIO_for_STM32_x86_64_9.0.1/ARMTools/bin/../lib/gcc/arm-atollic-eabi/6.3.1/../../../../arm-atollic-eabi/lib/armv7e-m/fpu/libc_nano.a(lib_a-init.o)

.stabstr        0x0000000000000000       0x3f
 .stabstr       0x0000000000000000       0x3f /opt/Atollic_TrueSTUDIO_for_STM32_x86_64_9.0.1/ARMTools/bin/../lib/gcc/arm-atollic-eabi/6.3.1/../../../../arm-atollic-eabi/lib/armv7e-m/fpu/libnosys.a(write.o)

Cross Reference Table

Symbol                                            File
ADC1_2_IRQHandler                                 src/startup_stm32f303xc.o
ADC3_IRQHandler                                   src/startup_stm32f303xc.o
ADC4_IRQHandler                                   src/startup_stm32f303xc.o
AHBPrescTable                                     src/system_stm32f3xx.o
BusFault_Handler                                  src/startup_stm32f303xc.o
CAN_RX1_IRQHandler                                src/startup_stm32f303xc.o
CAN_SCE_IRQHandler                                src/startup_stm32f303xc.o
COMP1_2_3_IRQHandler                              src/startup_stm32f303xc.o
COMP4_5_6_IRQHandler                              src/startup_stm32f303xc.o
COMP7_IRQHandler                                  src/startup_stm32f303xc.o
DMA1_Channel1_IRQHandler                          src/startup_stm32f303xc.o
DMA1_Channel2_IRQHandler                          src/startup_stm32f303xc.o
DMA1_Channel3_IRQHandler                          src/startup_stm32f303xc.o
DMA1_Channel4_IRQHandler                          src/startup_stm32f303xc.o
DMA1_Channel5_IRQHandler                          src/startup_stm32f303xc.o
DMA1_Channel6_IRQHandler                          src/startup_stm32f303xc.o
DMA1_Channel7_IRQHandler                          src/startup_stm32f303xc.o
DMA2_Channel1_IRQHandler                          src/startup_stm32f303xc.o
DMA2_Channel2_IRQHandler                          src/startup_stm32f303xc.o
DMA2_Channel3_IRQHandler                          src/startup_stm32f303xc.o
DMA2_Channel4_IRQHandler                          src/startup_stm32f303xc.o
DMA2_Channel5_IRQHandler                          src/startup_stm32f303xc.o
DebugMon_Handler                                  src/startup_stm32f303xc.o
Default_Handler                                   src/startup_stm32f303xc.o
EXTI0_IRQHandler                                  src/startup_stm32f303xc.o
EXTI15_10_IRQHandler                              src/startup_stm32f303xc.o
EXTI1_IRQHandler                                  src/startup_stm32f303xc.o
EXTI2_TSC_IRQHandler                              src/startup_stm32f303xc.o
EXTI3_IRQHandler                                  src/startup_stm32f303xc.o
EXTI4_IRQHandler                                  src/startup_stm32f303xc.o
EXTI9_5_IRQHandler                                src/startup_stm32f303xc.o
FLASH_IRQHandler                                  src/startup_stm32f303xc.o
FPU_IRQHandler                                    src/startup_stm32f303xc.o
HardFault_Handler                                 src/startup_stm32f303xc.o
I2C1_ER_IRQHandler                                src/startup_stm32f303xc.o
I2C1_EV_IRQHandler                                src/startup_stm32f303xc.o
I2C2_ER_IRQHandler                                src/startup_stm32f303xc.o
I2C2_EV_IRQHandler                                src/startup_stm32f303xc.o
MemManage_Handler                                 src/startup_stm32f303xc.o
NMI_Handler                                       src/startup_stm32f303xc.o
PVD_IRQHandler                                    src/startup_stm32f303xc.o
PendSV_Handler                                    src/startup_stm32f303xc.o
RCC_IRQHandler                                    src/startup_stm32f303xc.o
RTC_Alarm_IRQHandler                              src/startup_stm32f303xc.o
RTC_WKUP_IRQHandler                               src/startup_stm32f303xc.o
Reset_Handler                                     src/startup_stm32f303xc.o
SPI1_IRQHandler                                   src/startup_stm32f303xc.o
SPI2_IRQHandler                                   src/startup_stm32f303xc.o
SPI3_IRQHandler                                   src/startup_stm32f303xc.o
SVC_Handler                                       src/startup_stm32f303xc.o
SpiDriver::SpiDriver()                            src/spi.o
SpiDriver::SpiDriver()                            src/spi.o
                                                  src/main.o
SpiDriver::Transmit(unsigned char)                src/spi.o
                                                  src/main.o
SysTick_Handler                                   src/startup_stm32f303xc.o
SystemCoreClock                                   src/system_stm32f3xx.o
SystemCoreClockUpdate                             src/system_stm32f3xx.o
                                                  src/main.o
SystemInit                                        src/system_stm32f3xx.o
                                                  src/startup_stm32f303xc.o
TAMP_STAMP_IRQHandler                             src/startup_stm32f303xc.o
TIM1_BRK_TIM15_IRQHandler                         src/startup_stm32f303xc.o
TIM1_CC_IRQHandler                                src/startup_stm32f303xc.o
TIM1_TRG_COM_TIM17_IRQHandler                     src/startup_stm32f303xc.o
TIM1_UP_TIM16_IRQHandler                          src/startup_stm32f303xc.o
TIM2_IRQHandler                                   src/startup_stm32f303xc.o
TIM3_IRQHandler                                   src/startup_stm32f303xc.o
TIM4_IRQHandler                                   src/startup_stm32f303xc.o
TIM6_DAC_IRQHandler                               src/startup_stm32f303xc.o
TIM7_IRQHandler                                   src/startup_stm32f303xc.o
TIM8_BRK_IRQHandler                               src/startup_stm32f303xc.o
TIM8_CC_IRQHandler                                src/startup_stm32f303xc.o
TIM8_TRG_COM_IRQHandler                           src/startup_stm32f303xc.o
TIM8_UP_IRQHandler                                src/startup_stm32f303xc.o
UART4_IRQHandler                                  src/startup_stm32f303xc.o
UART5_IRQHandler                                  src/startup_stm32f303xc.o
USART1_IRQHandler                                 src/startup_stm32f303xc.o
USART2_IRQHandler                                 src/startup_stm32f303xc.o
USART3_IRQHandler                                 src/startup_stm32f303xc.o
USBWakeUp_IRQHandler                              src/startup_stm32f303xc.o
USBWakeUp_RMP_IRQHandler                          src/startup_stm32f303xc.o
USB_HP_CAN_TX_IRQHandler                          src/startup_stm32f303xc.o
USB_HP_IRQHandler                                 src/startup_stm32f303xc.o
USB_LP_CAN_RX0_IRQHandler                         src/startup_stm32f303xc.o
USB_LP_IRQHandler                                 src/startup_stm32f303xc.o
UsageFault_Handler                                src/startup_stm32f303xc.o
WWDG_IRQHandler                                   src/startup_stm32f303xc.o
__deregister_frame_info                           /opt/Atollic_TrueSTUDIO_for_STM32_x86_64_9.0.1/ARMTools/bin/../lib/gcc/arm-atollic-eabi/6.3.1/armv7e-m/fpu/crtbegin.o
__dso_handle                                      /opt/Atollic_TrueSTUDIO_for_STM32_x86_64_9.0.1/ARMTools/bin/../lib/gcc/arm-atollic-eabi/6.3.1/armv7e-m/fpu/crtbegin.o
__init_array_end                                  /opt/Atollic_TrueSTUDIO_for_STM32_x86_64_9.0.1/ARMTools/bin/../lib/gcc/arm-atollic-eabi/6.3.1/../../../../arm-atollic-eabi/lib/armv7e-m/fpu/libc_nano.a(lib_a-init.o)
__init_array_start                                /opt/Atollic_TrueSTUDIO_for_STM32_x86_64_9.0.1/ARMTools/bin/../lib/gcc/arm-atollic-eabi/6.3.1/../../../../arm-atollic-eabi/lib/armv7e-m/fpu/libc_nano.a(lib_a-init.o)
__libc_init_array                                 /opt/Atollic_TrueSTUDIO_for_STM32_x86_64_9.0.1/ARMTools/bin/../lib/gcc/arm-atollic-eabi/6.3.1/../../../../arm-atollic-eabi/lib/armv7e-m/fpu/libc_nano.a(lib_a-init.o)
                                                  src/startup_stm32f303xc.o
__preinit_array_end                               /opt/Atollic_TrueSTUDIO_for_STM32_x86_64_9.0.1/ARMTools/bin/../lib/gcc/arm-atollic-eabi/6.3.1/../../../../arm-atollic-eabi/lib/armv7e-m/fpu/libc_nano.a(lib_a-init.o)
__preinit_array_start                             /opt/Atollic_TrueSTUDIO_for_STM32_x86_64_9.0.1/ARMTools/bin/../lib/gcc/arm-atollic-eabi/6.3.1/../../../../arm-atollic-eabi/lib/armv7e-m/fpu/libc_nano.a(lib_a-init.o)
__register_frame_info                             /opt/Atollic_TrueSTUDIO_for_STM32_x86_64_9.0.1/ARMTools/bin/../lib/gcc/arm-atollic-eabi/6.3.1/armv7e-m/fpu/crtbegin.o
_ebss                                             src/startup_stm32f303xc.o
_edata                                            src/startup_stm32f303xc.o
_estack                                           src/startup_stm32f303xc.o
_fini                                             /opt/Atollic_TrueSTUDIO_for_STM32_x86_64_9.0.1/ARMTools/bin/../lib/gcc/arm-atollic-eabi/6.3.1/armv7e-m/fpu/crti.o
_init                                             /opt/Atollic_TrueSTUDIO_for_STM32_x86_64_9.0.1/ARMTools/bin/../lib/gcc/arm-atollic-eabi/6.3.1/armv7e-m/fpu/crti.o
                                                  /opt/Atollic_TrueSTUDIO_for_STM32_x86_64_9.0.1/ARMTools/bin/../lib/gcc/arm-atollic-eabi/6.3.1/../../../../arm-atollic-eabi/lib/armv7e-m/fpu/libc_nano.a(lib_a-init.o)
_sbss                                             src/startup_stm32f303xc.o
_sdata                                            src/startup_stm32f303xc.o
_sidata                                           src/startup_stm32f303xc.o
_write                                            /opt/Atollic_TrueSTUDIO_for_STM32_x86_64_9.0.1/ARMTools/bin/../lib/gcc/arm-atollic-eabi/6.3.1/../../../../arm-atollic-eabi/lib/armv7e-m/fpu/libnosys.a(write.o)
                                                  src/tiny_printf.o
dac::dac()                                        src/dac.o
dac::dac()                                        src/dac.o
dac::dac(unsigned char*, unsigned long)           src/dac.o
dac::dac(unsigned char*, unsigned long)           src/dac.o
                                                  src/main.o
errno                                             /opt/Atollic_TrueSTUDIO_for_STM32_x86_64_9.0.1/ARMTools/bin/../lib/gcc/arm-atollic-eabi/6.3.1/../../../../arm-atollic-eabi/lib/armv7e-m/fpu/libnosys.a(errno.o)
                                                  /opt/Atollic_TrueSTUDIO_for_STM32_x86_64_9.0.1/ARMTools/bin/../lib/gcc/arm-atollic-eabi/6.3.1/../../../../arm-atollic-eabi/lib/armv7e-m/fpu/libnosys.a(write.o)
fiprintf                                          src/tiny_printf.o
fprintf                                           src/tiny_printf.o
fputs                                             src/tiny_printf.o
fwrite                                            src/tiny_printf.o
g_pfnVectors                                      src/startup_stm32f303xc.o
iprintf                                           src/tiny_printf.o
main                                              src/main.o
                                                  src/startup_stm32f303xc.o
printf                                            src/tiny_printf.o
puts                                              src/tiny_printf.o
siprintf                                          src/tiny_printf.o
sound_wav                                         src/main.o
sound_wav_len                                     src/main.o
sprintf                                           src/tiny_printf.o
strlen                                            /opt/Atollic_TrueSTUDIO_for_STM32_x86_64_9.0.1/ARMTools/bin/../lib/gcc/arm-atollic-eabi/6.3.1/../../../../arm-atollic-eabi/lib/armv7e-m/fpu/libc_nano.a(lib_a-strlen.o)
                                                  src/tiny_printf.o
ts_formatlength                                   src/tiny_printf.o
ts_formatstring                                   src/tiny_printf.o
ts_itoa                                           src/tiny_printf.o
