Archive member included to satisfy reference by file (symbol)

/opt/Atollic_TrueSTUDIO_for_STM32_x86_64_9.0.1/ARMTools/bin/../lib/gcc/arm-atollic-eabi/6.3.1/../../../../arm-atollic-eabi/lib/armv7e-m/fpu/libc_nano.a(lib_a-init.o)
                              src/startup_stm32f303xc.o (__libc_init_array)
/opt/Atollic_TrueSTUDIO_for_STM32_x86_64_9.0.1/ARMTools/bin/../lib/gcc/arm-atollic-eabi/6.3.1/../../../../arm-atollic-eabi/lib/armv7e-m/fpu/libc_nano.a(lib_a-strlen.o)
                              src/tiny_printf.o (strlen)
/opt/Atollic_TrueSTUDIO_for_STM32_x86_64_9.0.1/ARMTools/bin/../lib/gcc/arm-atollic-eabi/6.3.1/../../../../arm-atollic-eabi/lib/armv7e-m/fpu/libnosys.a(write.o)
                              src/tiny_printf.o (_write)
/opt/Atollic_TrueSTUDIO_for_STM32_x86_64_9.0.1/ARMTools/bin/../lib/gcc/arm-atollic-eabi/6.3.1/../../../../arm-atollic-eabi/lib/armv7e-m/fpu/libnosys.a(errno.o)
                              /opt/Atollic_TrueSTUDIO_for_STM32_x86_64_9.0.1/ARMTools/bin/../lib/gcc/arm-atollic-eabi/6.3.1/../../../../arm-atollic-eabi/lib/armv7e-m/fpu/libnosys.a(write.o) (errno)

Allocating common symbols
Common symbol       size              file

errno               0x4               /opt/Atollic_TrueSTUDIO_for_STM32_x86_64_9.0.1/ARMTools/bin/../lib/gcc/arm-atollic-eabi/6.3.1/../../../../arm-atollic-eabi/lib/armv7e-m/fpu/libnosys.a(errno.o)

Discarded input sections

 .text          0x0000000000000000        0x0 /opt/Atollic_TrueSTUDIO_for_STM32_x86_64_9.0.1/ARMTools/bin/../lib/gcc/arm-atollic-eabi/6.3.1/armv7e-m/fpu/crti.o
 .data          0x0000000000000000        0x0 /opt/Atollic_TrueSTUDIO_for_STM32_x86_64_9.0.1/ARMTools/bin/../lib/gcc/arm-atollic-eabi/6.3.1/armv7e-m/fpu/crti.o
 .bss           0x0000000000000000        0x0 /opt/Atollic_TrueSTUDIO_for_STM32_x86_64_9.0.1/ARMTools/bin/../lib/gcc/arm-atollic-eabi/6.3.1/armv7e-m/fpu/crti.o
 .data          0x0000000000000000        0x4 /opt/Atollic_TrueSTUDIO_for_STM32_x86_64_9.0.1/ARMTools/bin/../lib/gcc/arm-atollic-eabi/6.3.1/armv7e-m/fpu/crtbegin.o
 .text          0x0000000000000000        0x0 FATFs/ff.o
 .data          0x0000000000000000        0x0 FATFs/ff.o
 .bss           0x0000000000000000        0x0 FATFs/ff.o
 .text.dir_read
                0x0000000000000000       0x96 FATFs/ff.o
 .text.dir_remove
                0x0000000000000000       0x52 FATFs/ff.o
 .text.get_fileinfo
                0x0000000000000000      0x11c FATFs/ff.o
 .text.f_write  0x0000000000000000      0x30c FATFs/ff.o
 .text.f_lseek  0x0000000000000000      0x2a8 FATFs/ff.o
 .text.f_opendir
                0x0000000000000000       0xca FATFs/ff.o
 .text.f_readdir
                0x0000000000000000       0x8e FATFs/ff.o
 .text.f_stat   0x0000000000000000       0x6e FATFs/ff.o
 .text.f_getfree
                0x0000000000000000      0x19a FATFs/ff.o
 .text.f_truncate
                0x0000000000000000      0x116 FATFs/ff.o
 .text.f_unlink
                0x0000000000000000      0x17c FATFs/ff.o
 .text.f_mkdir  0x0000000000000000      0x2d6 FATFs/ff.o
 .text.f_chmod  0x0000000000000000       0xaa FATFs/ff.o
 .text.f_utime  0x0000000000000000       0xb2 FATFs/ff.o
 .text.f_rename
                0x0000000000000000      0x20e FATFs/ff.o
 .text          0x0000000000000000        0x0 FATFs/option/syscall.o
 .data          0x0000000000000000        0x0 FATFs/option/syscall.o
 .bss           0x0000000000000000        0x0 FATFs/option/syscall.o
 .debug_info    0x0000000000000000      0x88f FATFs/option/syscall.o
 .debug_abbrev  0x0000000000000000      0x155 FATFs/option/syscall.o
 .debug_aranges
                0x0000000000000000       0x18 FATFs/option/syscall.o
 .debug_line    0x0000000000000000      0x15b FATFs/option/syscall.o
 .debug_str     0x0000000000000000      0x5de FATFs/option/syscall.o
 .comment       0x0000000000000000       0x7d FATFs/option/syscall.o
 .ARM.attributes
                0x0000000000000000       0x39 FATFs/option/syscall.o
 .text          0x0000000000000000        0x0 FATFs/sd_stm32.o
 .data          0x0000000000000000        0x0 FATFs/sd_stm32.o
 .bss           0x0000000000000000        0x0 FATFs/sd_stm32.o
 .text.disk_timerproc
                0x0000000000000000       0x4c FATFs/sd_stm32.o
 .text          0x0000000000000000        0x0 src/dac.o
 .data          0x0000000000000000        0x0 src/dac.o
 .bss           0x0000000000000000        0x0 src/dac.o
 .text._ZN3dacC2Ev
                0x0000000000000000       0x6c src/dac.o
 .text          0x0000000000000000        0x0 src/main.o
 .data          0x0000000000000000        0x0 src/main.o
 .bss           0x0000000000000000        0x0 src/main.o
 .data.sound_wav_len
                0x0000000000000000        0x4 src/main.o
 .text          0x0000000000000000        0x0 src/spi.o
 .data          0x0000000000000000        0x0 src/spi.o
 .bss           0x0000000000000000        0x0 src/spi.o
 .text          0x0000000000000000       0x14 src/startup_stm32f303xc.o
 .data          0x0000000000000000        0x0 src/startup_stm32f303xc.o
 .bss           0x0000000000000000        0x0 src/startup_stm32f303xc.o
 .text          0x0000000000000000        0x0 src/system_stm32f3xx.o
 .data          0x0000000000000000        0x0 src/system_stm32f3xx.o
 .bss           0x0000000000000000        0x0 src/system_stm32f3xx.o
 .text          0x0000000000000000        0x0 src/tiny_printf.o
 .data          0x0000000000000000        0x0 src/tiny_printf.o
 .bss           0x0000000000000000        0x0 src/tiny_printf.o
 .text.ts_itoa  0x0000000000000000       0x92 src/tiny_printf.o
 .text.ts_formatstring
                0x0000000000000000      0x12e src/tiny_printf.o
 .text.ts_formatlength
                0x0000000000000000      0x12c src/tiny_printf.o
 .text.siprintf
                0x0000000000000000       0x2c src/tiny_printf.o
 .text.fiprintf
                0x0000000000000000       0x9a src/tiny_printf.o
 .text.iprintf  0x0000000000000000       0x92 src/tiny_printf.o
 .rodata        0x0000000000000000        0x2 src/tiny_printf.o
 .text.fputs    0x0000000000000000       0x68 src/tiny_printf.o
 .text.puts     0x0000000000000000       0x58 src/tiny_printf.o
 .text.fwrite   0x0000000000000000       0x38 src/tiny_printf.o
 .debug_info    0x0000000000000000      0xc78 src/tiny_printf.o
 .debug_abbrev  0x0000000000000000      0x262 src/tiny_printf.o
 .debug_aranges
                0x0000000000000000       0x60 src/tiny_printf.o
 .debug_ranges  0x0000000000000000       0x50 src/tiny_printf.o
 .debug_line    0x0000000000000000      0x29e src/tiny_printf.o
 .debug_str     0x0000000000000000      0x68b src/tiny_printf.o
 .comment       0x0000000000000000       0x7d src/tiny_printf.o
 .debug_frame   0x0000000000000000      0x1bc src/tiny_printf.o
 .ARM.attributes
                0x0000000000000000       0x39 src/tiny_printf.o
 .text          0x0000000000000000        0x0 /opt/Atollic_TrueSTUDIO_for_STM32_x86_64_9.0.1/ARMTools/bin/../lib/gcc/arm-atollic-eabi/6.3.1/../../../../arm-atollic-eabi/lib/armv7e-m/fpu/libc_nano.a(lib_a-init.o)
 .data          0x0000000000000000        0x0 /opt/Atollic_TrueSTUDIO_for_STM32_x86_64_9.0.1/ARMTools/bin/../lib/gcc/arm-atollic-eabi/6.3.1/../../../../arm-atollic-eabi/lib/armv7e-m/fpu/libc_nano.a(lib_a-init.o)
 .bss           0x0000000000000000        0x0 /opt/Atollic_TrueSTUDIO_for_STM32_x86_64_9.0.1/ARMTools/bin/../lib/gcc/arm-atollic-eabi/6.3.1/../../../../arm-atollic-eabi/lib/armv7e-m/fpu/libc_nano.a(lib_a-init.o)
 .text          0x0000000000000000       0x10 /opt/Atollic_TrueSTUDIO_for_STM32_x86_64_9.0.1/ARMTools/bin/../lib/gcc/arm-atollic-eabi/6.3.1/../../../../arm-atollic-eabi/lib/armv7e-m/fpu/libc_nano.a(lib_a-strlen.o)
 .data          0x0000000000000000        0x0 /opt/Atollic_TrueSTUDIO_for_STM32_x86_64_9.0.1/ARMTools/bin/../lib/gcc/arm-atollic-eabi/6.3.1/../../../../arm-atollic-eabi/lib/armv7e-m/fpu/libc_nano.a(lib_a-strlen.o)
 .bss           0x0000000000000000        0x0 /opt/Atollic_TrueSTUDIO_for_STM32_x86_64_9.0.1/ARMTools/bin/../lib/gcc/arm-atollic-eabi/6.3.1/../../../../arm-atollic-eabi/lib/armv7e-m/fpu/libc_nano.a(lib_a-strlen.o)
 .ARM.attributes
                0x0000000000000000       0x1b /opt/Atollic_TrueSTUDIO_for_STM32_x86_64_9.0.1/ARMTools/bin/../lib/gcc/arm-atollic-eabi/6.3.1/../../../../arm-atollic-eabi/lib/armv7e-m/fpu/libc_nano.a(lib_a-strlen.o)
 .text          0x0000000000000000        0x0 /opt/Atollic_TrueSTUDIO_for_STM32_x86_64_9.0.1/ARMTools/bin/../lib/gcc/arm-atollic-eabi/6.3.1/../../../../arm-atollic-eabi/lib/armv7e-m/fpu/libnosys.a(write.o)
 .data          0x0000000000000000        0x0 /opt/Atollic_TrueSTUDIO_for_STM32_x86_64_9.0.1/ARMTools/bin/../lib/gcc/arm-atollic-eabi/6.3.1/../../../../arm-atollic-eabi/lib/armv7e-m/fpu/libnosys.a(write.o)
 .bss           0x0000000000000000        0x0 /opt/Atollic_TrueSTUDIO_for_STM32_x86_64_9.0.1/ARMTools/bin/../lib/gcc/arm-atollic-eabi/6.3.1/../../../../arm-atollic-eabi/lib/armv7e-m/fpu/libnosys.a(write.o)
 .stab          0x0000000000000000       0x24 /opt/Atollic_TrueSTUDIO_for_STM32_x86_64_9.0.1/ARMTools/bin/../lib/gcc/arm-atollic-eabi/6.3.1/../../../../arm-atollic-eabi/lib/armv7e-m/fpu/libnosys.a(write.o)
 .text._write   0x0000000000000000       0x10 /opt/Atollic_TrueSTUDIO_for_STM32_x86_64_9.0.1/ARMTools/bin/../lib/gcc/arm-atollic-eabi/6.3.1/../../../../arm-atollic-eabi/lib/armv7e-m/fpu/libnosys.a(write.o)
 .debug_frame   0x0000000000000000       0x20 /opt/Atollic_TrueSTUDIO_for_STM32_x86_64_9.0.1/ARMTools/bin/../lib/gcc/arm-atollic-eabi/6.3.1/../../../../arm-atollic-eabi/lib/armv7e-m/fpu/libnosys.a(write.o)
 .ARM.attributes
                0x0000000000000000       0x34 /opt/Atollic_TrueSTUDIO_for_STM32_x86_64_9.0.1/ARMTools/bin/../lib/gcc/arm-atollic-eabi/6.3.1/../../../../arm-atollic-eabi/lib/armv7e-m/fpu/libnosys.a(write.o)
 .text          0x0000000000000000        0x0 /opt/Atollic_TrueSTUDIO_for_STM32_x86_64_9.0.1/ARMTools/bin/../lib/gcc/arm-atollic-eabi/6.3.1/../../../../arm-atollic-eabi/lib/armv7e-m/fpu/libnosys.a(errno.o)
 .data          0x0000000000000000        0x0 /opt/Atollic_TrueSTUDIO_for_STM32_x86_64_9.0.1/ARMTools/bin/../lib/gcc/arm-atollic-eabi/6.3.1/../../../../arm-atollic-eabi/lib/armv7e-m/fpu/libnosys.a(errno.o)
 .bss           0x0000000000000000        0x0 /opt/Atollic_TrueSTUDIO_for_STM32_x86_64_9.0.1/ARMTools/bin/../lib/gcc/arm-atollic-eabi/6.3.1/../../../../arm-atollic-eabi/lib/armv7e-m/fpu/libnosys.a(errno.o)
 .ARM.attributes
                0x0000000000000000       0x34 /opt/Atollic_TrueSTUDIO_for_STM32_x86_64_9.0.1/ARMTools/bin/../lib/gcc/arm-atollic-eabi/6.3.1/../../../../arm-atollic-eabi/lib/armv7e-m/fpu/libnosys.a(errno.o)
 COMMON         0x0000000000000000        0x4 /opt/Atollic_TrueSTUDIO_for_STM32_x86_64_9.0.1/ARMTools/bin/../lib/gcc/arm-atollic-eabi/6.3.1/../../../../arm-atollic-eabi/lib/armv7e-m/fpu/libnosys.a(errno.o)
 .text          0x0000000000000000        0x0 /opt/Atollic_TrueSTUDIO_for_STM32_x86_64_9.0.1/ARMTools/bin/../lib/gcc/arm-atollic-eabi/6.3.1/armv7e-m/fpu/crtend.o
 .data          0x0000000000000000        0x0 /opt/Atollic_TrueSTUDIO_for_STM32_x86_64_9.0.1/ARMTools/bin/../lib/gcc/arm-atollic-eabi/6.3.1/armv7e-m/fpu/crtend.o
 .bss           0x0000000000000000        0x0 /opt/Atollic_TrueSTUDIO_for_STM32_x86_64_9.0.1/ARMTools/bin/../lib/gcc/arm-atollic-eabi/6.3.1/armv7e-m/fpu/crtend.o
 .eh_frame      0x0000000000000000        0x4 /opt/Atollic_TrueSTUDIO_for_STM32_x86_64_9.0.1/ARMTools/bin/../lib/gcc/arm-atollic-eabi/6.3.1/armv7e-m/fpu/crtend.o
 .ARM.attributes
                0x0000000000000000       0x34 /opt/Atollic_TrueSTUDIO_for_STM32_x86_64_9.0.1/ARMTools/bin/../lib/gcc/arm-atollic-eabi/6.3.1/armv7e-m/fpu/crtend.o
 .text          0x0000000000000000        0x0 /opt/Atollic_TrueSTUDIO_for_STM32_x86_64_9.0.1/ARMTools/bin/../lib/gcc/arm-atollic-eabi/6.3.1/armv7e-m/fpu/crtn.o
 .data          0x0000000000000000        0x0 /opt/Atollic_TrueSTUDIO_for_STM32_x86_64_9.0.1/ARMTools/bin/../lib/gcc/arm-atollic-eabi/6.3.1/armv7e-m/fpu/crtn.o
 .bss           0x0000000000000000        0x0 /opt/Atollic_TrueSTUDIO_for_STM32_x86_64_9.0.1/ARMTools/bin/../lib/gcc/arm-atollic-eabi/6.3.1/armv7e-m/fpu/crtn.o

Memory Configuration

Name             Origin             Length             Attributes
FLASH            0x0000000008000000 0x0000000000040000 xr
RAM              0x0000000020000000 0x000000000000a000 xrw
MEMORY_B1        0x0000000060000000 0x0000000000000000 xr
CCMRAM           0x0000000010000000 0x0000000000002000 rw
*default*        0x0000000000000000 0xffffffffffffffff

Linker script and memory map

LOAD /opt/Atollic_TrueSTUDIO_for_STM32_x86_64_9.0.1/ARMTools/bin/../lib/gcc/arm-atollic-eabi/6.3.1/armv7e-m/fpu/crti.o
LOAD /opt/Atollic_TrueSTUDIO_for_STM32_x86_64_9.0.1/ARMTools/bin/../lib/gcc/arm-atollic-eabi/6.3.1/armv7e-m/fpu/crtbegin.o
LOAD FATFs/ff.o
LOAD FATFs/option/syscall.o
LOAD FATFs/sd_stm32.o
LOAD src/dac.o
LOAD src/main.o
LOAD src/spi.o
LOAD src/startup_stm32f303xc.o
LOAD src/system_stm32f3xx.o
LOAD src/tiny_printf.o
                0x0000000000001000                malloc_getpagesize_P = 0x1000
START GROUP
LOAD /opt/Atollic_TrueSTUDIO_for_STM32_x86_64_9.0.1/ARMTools/bin/../lib/gcc/arm-atollic-eabi/6.3.1/../../../../arm-atollic-eabi/lib/armv7e-m/fpu/libstdc++_nano.a
LOAD /opt/Atollic_TrueSTUDIO_for_STM32_x86_64_9.0.1/ARMTools/bin/../lib/gcc/arm-atollic-eabi/6.3.1/../../../../arm-atollic-eabi/lib/armv7e-m/fpu/libsupc++_nano.a
END GROUP
LOAD /opt/Atollic_TrueSTUDIO_for_STM32_x86_64_9.0.1/ARMTools/bin/../lib/gcc/arm-atollic-eabi/6.3.1/../../../../arm-atollic-eabi/lib/armv7e-m/fpu/libstdc++_nano.a
LOAD /opt/Atollic_TrueSTUDIO_for_STM32_x86_64_9.0.1/ARMTools/bin/../lib/gcc/arm-atollic-eabi/6.3.1/../../../../arm-atollic-eabi/lib/armv7e-m/fpu/libm.a
LOAD /opt/Atollic_TrueSTUDIO_for_STM32_x86_64_9.0.1/ARMTools/bin/../lib/gcc/arm-atollic-eabi/6.3.1/../../../../arm-atollic-eabi/lib/armv7e-m/fpu/libc_nano.a
START GROUP
LOAD /opt/Atollic_TrueSTUDIO_for_STM32_x86_64_9.0.1/ARMTools/bin/../lib/gcc/arm-atollic-eabi/6.3.1/armv7e-m/fpu/libgcc.a
LOAD /opt/Atollic_TrueSTUDIO_for_STM32_x86_64_9.0.1/ARMTools/bin/../lib/gcc/arm-atollic-eabi/6.3.1/../../../../arm-atollic-eabi/lib/armv7e-m/fpu/libc_nano.a
END GROUP
START GROUP
LOAD /opt/Atollic_TrueSTUDIO_for_STM32_x86_64_9.0.1/ARMTools/bin/../lib/gcc/arm-atollic-eabi/6.3.1/armv7e-m/fpu/libgcc.a
LOAD /opt/Atollic_TrueSTUDIO_for_STM32_x86_64_9.0.1/ARMTools/bin/../lib/gcc/arm-atollic-eabi/6.3.1/../../../../arm-atollic-eabi/lib/armv7e-m/fpu/libc_nano.a
LOAD /opt/Atollic_TrueSTUDIO_for_STM32_x86_64_9.0.1/ARMTools/bin/../lib/gcc/arm-atollic-eabi/6.3.1/../../../../arm-atollic-eabi/lib/armv7e-m/fpu/libnosys.a
END GROUP
START GROUP
LOAD /opt/Atollic_TrueSTUDIO_for_STM32_x86_64_9.0.1/ARMTools/bin/../lib/gcc/arm-atollic-eabi/6.3.1/armv7e-m/fpu/libgcc.a
LOAD /opt/Atollic_TrueSTUDIO_for_STM32_x86_64_9.0.1/ARMTools/bin/../lib/gcc/arm-atollic-eabi/6.3.1/../../../../arm-atollic-eabi/lib/armv7e-m/fpu/libc_nano.a
LOAD /opt/Atollic_TrueSTUDIO_for_STM32_x86_64_9.0.1/ARMTools/bin/../lib/gcc/arm-atollic-eabi/6.3.1/../../../../arm-atollic-eabi/lib/armv7e-m/fpu/libnosys.a
END GROUP
LOAD /opt/Atollic_TrueSTUDIO_for_STM32_x86_64_9.0.1/ARMTools/bin/../lib/gcc/arm-atollic-eabi/6.3.1/armv7e-m/fpu/crtend.o
LOAD /opt/Atollic_TrueSTUDIO_for_STM32_x86_64_9.0.1/ARMTools/bin/../lib/gcc/arm-atollic-eabi/6.3.1/armv7e-m/fpu/crtn.o
                0x000000002000a000                _estack = 0x2000a000
                0x0000000000000000                _Min_Heap_Size = 0x0
                0x0000000000000200                _Min_Stack_Size = 0x200

.isr_vector     0x0000000008000000      0x188
                0x0000000008000000                . = ALIGN (0x4)
 *(.isr_vector)
 .isr_vector    0x0000000008000000      0x188 src/startup_stm32f303xc.o
                0x0000000008000000                g_pfnVectors
                0x0000000008000188                . = ALIGN (0x4)

.text           0x0000000008000188     0x2c94
                0x0000000008000188                . = ALIGN (0x4)
 *(.text)
 .text          0x0000000008000188       0x40 /opt/Atollic_TrueSTUDIO_for_STM32_x86_64_9.0.1/ARMTools/bin/../lib/gcc/arm-atollic-eabi/6.3.1/armv7e-m/fpu/crtbegin.o
 *(.text*)
 .text.get_fattime
                0x00000000080001c8       0x14 FATFs/ff.o
                0x00000000080001c8                get_fattime
 .text.mem_cpy  0x00000000080001dc       0x3c FATFs/ff.o
 .text.mem_set  0x0000000008000218       0x34 FATFs/ff.o
 .text.mem_cmp  0x000000000800024c       0x4e FATFs/ff.o
 .text.chk_chr  0x000000000800029a       0x36 FATFs/ff.o
 .text.move_window
                0x00000000080002d0       0xb4 FATFs/ff.o
 .text.sync     0x0000000008000384      0x142 FATFs/ff.o
 .text.clust2sect
                0x00000000080004c6       0x3e FATFs/ff.o
                0x00000000080004c6                clust2sect
 .text.get_fat  0x0000000008000504      0x15e FATFs/ff.o
                0x0000000008000504                get_fat
 .text.put_fat  0x0000000008000662      0x200 FATFs/ff.o
                0x0000000008000662                put_fat
 .text.remove_chain
                0x0000000008000862       0x9e FATFs/ff.o
 .text.create_chain
                0x0000000008000900      0x112 FATFs/ff.o
 .text.dir_sdi  0x0000000008000a12      0x104 FATFs/ff.o
 .text.dir_next
                0x0000000008000b16      0x1a8 FATFs/ff.o
 .text.dir_find
                0x0000000008000cbe       0x96 FATFs/ff.o
 .text.dir_register
                0x0000000008000d54       0xae FATFs/ff.o
 *fill*         0x0000000008000e02        0x2 
 .text.create_name
                0x0000000008000e04      0x168 FATFs/ff.o
 .text.follow_path
                0x0000000008000f6c       0xfa FATFs/ff.o
 *fill*         0x0000000008001066        0x2 
 .text.check_fs
                0x0000000008001068       0xcc FATFs/ff.o
 .text.chk_mounted
                0x0000000008001134      0x520 FATFs/ff.o
 .text.validate
                0x0000000008001654       0x4a FATFs/ff.o
 *fill*         0x000000000800169e        0x2 
 .text.f_mount  0x00000000080016a0       0x54 FATFs/ff.o
                0x00000000080016a0                f_mount
 .text.f_open   0x00000000080016f4      0x2da FATFs/ff.o
                0x00000000080016f4                f_open
 .text.f_read   0x00000000080019ce      0x2b0 FATFs/ff.o
                0x00000000080019ce                f_read
 .text.f_sync   0x0000000008001c7e      0x17e FATFs/ff.o
                0x0000000008001c7e                f_sync
 .text.f_close  0x0000000008001dfc       0x28 FATFs/ff.o
                0x0000000008001dfc                f_close
 .text._ZL6SELECTv
                0x0000000008001e24        0xc FATFs/sd_stm32.o
 .text._ZL8DESELECTv
                0x0000000008001e30        0xc FATFs/sd_stm32.o
 .text._ZL8xmit_spih
                0x0000000008001e3c       0x1a FATFs/sd_stm32.o
 .text._ZL8rcvr_spiv
                0x0000000008001e56       0x1e FATFs/sd_stm32.o
 .text._ZL10rcvr_spi_mPh
                0x0000000008001e74       0x1c FATFs/sd_stm32.o
 .text._ZL10wait_readyv
                0x0000000008001e90       0x44 FATFs/sd_stm32.o
 .text._ZL8power_onv
                0x0000000008001ed4       0x34 FATFs/sd_stm32.o
 .text._ZL9power_offv
                0x0000000008001f08       0x18 FATFs/sd_stm32.o
 .text._ZL9chk_powerv
                0x0000000008001f20       0x18 FATFs/sd_stm32.o
 .text._ZL14rcvr_datablockPhj
                0x0000000008001f38       0x84 FATFs/sd_stm32.o
 .text._ZL14xmit_datablockPKhh
                0x0000000008001fbc       0xc6 FATFs/sd_stm32.o
 .text._ZL8send_cmdhm
                0x0000000008002082       0xba FATFs/sd_stm32.o
 .text.disk_initialize
                0x000000000800213c      0x23c FATFs/sd_stm32.o
                0x000000000800213c                disk_initialize
 .text.disk_status
                0x0000000008002378       0x2c FATFs/sd_stm32.o
                0x0000000008002378                disk_status
 .text.disk_read
                0x00000000080023a4      0x108 FATFs/sd_stm32.o
                0x00000000080023a4                disk_read
 .text.disk_write
                0x00000000080024ac      0x150 FATFs/sd_stm32.o
                0x00000000080024ac                disk_write
 .text.disk_ioctl
                0x00000000080025fc      0x2a0 FATFs/sd_stm32.o
                0x00000000080025fc                disk_ioctl
 .text._ZN3dacC2EPhm
                0x000000000800289c       0xc4 src/dac.o
                0x000000000800289c                dac::dac(unsigned char*, unsigned long)
                0x000000000800289c                dac::dac(unsigned char*, unsigned long)
 .text.main     0x0000000008002960       0x88 src/main.o
                0x0000000008002960                main
 .text._ZN9SpiDriverC2Ev
                0x00000000080029e8      0x144 src/spi.o
                0x00000000080029e8                SpiDriver::SpiDriver()
                0x00000000080029e8                SpiDriver::SpiDriver()
 .text._ZN9SpiDriver8SpiCsLowEv
                0x0000000008002b2c       0x20 src/spi.o
                0x0000000008002b2c                SpiDriver::SpiCsLow()
 .text._ZN9SpiDriver9SpiCsHighEv
                0x0000000008002b4c       0x20 src/spi.o
                0x0000000008002b4c                SpiDriver::SpiCsHigh()
 .text._ZN9SpiDriver8TransmitEh
                0x0000000008002b6c       0x58 src/spi.o
                0x0000000008002b6c                SpiDriver::Transmit(unsigned char)
 .text.Reset_Handler
                0x0000000008002bc4       0x50 src/startup_stm32f303xc.o
                0x0000000008002bc4                Reset_Handler
 .text.Default_Handler
                0x0000000008002c14        0x2 src/startup_stm32f303xc.o
                0x0000000008002c14                RTC_Alarm_IRQHandler
                0x0000000008002c14                TIM8_TRG_COM_IRQHandler
                0x0000000008002c14                TIM8_CC_IRQHandler
                0x0000000008002c14                DebugMon_Handler
                0x0000000008002c14                TIM1_CC_IRQHandler
                0x0000000008002c14                HardFault_Handler
                0x0000000008002c14                USB_HP_IRQHandler
                0x0000000008002c14                SysTick_Handler
                0x0000000008002c14                PVD_IRQHandler
                0x0000000008002c14                TAMP_STAMP_IRQHandler
                0x0000000008002c14                PendSV_Handler
                0x0000000008002c14                NMI_Handler
                0x0000000008002c14                EXTI3_IRQHandler
                0x0000000008002c14                USB_HP_CAN_TX_IRQHandler
                0x0000000008002c14                EXTI0_IRQHandler
                0x0000000008002c14                I2C2_EV_IRQHandler
                0x0000000008002c14                FPU_IRQHandler
                0x0000000008002c14                TIM1_UP_TIM16_IRQHandler
                0x0000000008002c14                UsageFault_Handler
                0x0000000008002c14                ADC1_2_IRQHandler
                0x0000000008002c14                SPI1_IRQHandler
                0x0000000008002c14                CAN_SCE_IRQHandler
                0x0000000008002c14                TIM6_DAC_IRQHandler
                0x0000000008002c14                TIM8_UP_IRQHandler
                0x0000000008002c14                DMA2_Channel2_IRQHandler
                0x0000000008002c14                DMA1_Channel4_IRQHandler
                0x0000000008002c14                USART3_IRQHandler
                0x0000000008002c14                DMA1_Channel7_IRQHandler
                0x0000000008002c14                UART5_IRQHandler
                0x0000000008002c14                ADC3_IRQHandler
                0x0000000008002c14                TIM4_IRQHandler
                0x0000000008002c14                CAN_RX1_IRQHandler
                0x0000000008002c14                DMA2_Channel1_IRQHandler
                0x0000000008002c14                I2C1_EV_IRQHandler
                0x0000000008002c14                DMA1_Channel6_IRQHandler
                0x0000000008002c14                UART4_IRQHandler
                0x0000000008002c14                DMA2_Channel4_IRQHandler
                0x0000000008002c14                TIM3_IRQHandler
                0x0000000008002c14                RCC_IRQHandler
                0x0000000008002c14                DMA1_Channel1_IRQHandler
                0x0000000008002c14                Default_Handler
                0x0000000008002c14                USBWakeUp_RMP_IRQHandler
                0x0000000008002c14                EXTI15_10_IRQHandler
                0x0000000008002c14                TIM7_IRQHandler
                0x0000000008002c14                EXTI9_5_IRQHandler
                0x0000000008002c14                RTC_WKUP_IRQHandler
                0x0000000008002c14                SPI2_IRQHandler
                0x0000000008002c14                USB_LP_CAN_RX0_IRQHandler
                0x0000000008002c14                MemManage_Handler
                0x0000000008002c14                SVC_Handler
                0x0000000008002c14                DMA2_Channel5_IRQHandler
                0x0000000008002c14                DMA1_Channel5_IRQHandler
                0x0000000008002c14                USB_LP_IRQHandler
                0x0000000008002c14                EXTI4_IRQHandler
                0x0000000008002c14                TIM1_TRG_COM_TIM17_IRQHandler
                0x0000000008002c14                DMA1_Channel3_IRQHandler
                0x0000000008002c14                ADC4_IRQHandler
                0x0000000008002c14                WWDG_IRQHandler
                0x0000000008002c14                TIM2_IRQHandler
                0x0000000008002c14                COMP7_IRQHandler
                0x0000000008002c14                COMP1_2_3_IRQHandler
                0x0000000008002c14                EXTI1_IRQHandler
                0x0000000008002c14                USART2_IRQHandler
                0x0000000008002c14                COMP4_5_6_IRQHandler
                0x0000000008002c14                I2C2_ER_IRQHandler
                0x0000000008002c14                DMA1_Channel2_IRQHandler
                0x0000000008002c14                TIM8_BRK_IRQHandler
                0x0000000008002c14                FLASH_IRQHandler
                0x0000000008002c14                BusFault_Handler
                0x0000000008002c14                USART1_IRQHandler
                0x0000000008002c14                SPI3_IRQHandler
                0x0000000008002c14                I2C1_ER_IRQHandler
                0x0000000008002c14                USBWakeUp_IRQHandler
                0x0000000008002c14                DMA2_Channel3_IRQHandler
                0x0000000008002c14                EXTI2_TSC_IRQHandler
                0x0000000008002c14                TIM1_BRK_TIM15_IRQHandler
 *fill*         0x0000000008002c16        0x2 
 .text.SystemInit
                0x0000000008002c18       0xcc src/system_stm32f3xx.o
                0x0000000008002c18                SystemInit
 .text.SystemCoreClockUpdate
                0x0000000008002ce4       0xd8 src/system_stm32f3xx.o
                0x0000000008002ce4                SystemCoreClockUpdate
 .text.__libc_init_array
                0x0000000008002dbc       0x48 /opt/Atollic_TrueSTUDIO_for_STM32_x86_64_9.0.1/ARMTools/bin/../lib/gcc/arm-atollic-eabi/6.3.1/../../../../arm-atollic-eabi/lib/armv7e-m/fpu/libc_nano.a(lib_a-init.o)
                0x0000000008002dbc                __libc_init_array
 *(.glue_7)
 .glue_7        0x0000000008002e04        0x0 linker stubs
 *(.glue_7t)
 .glue_7t       0x0000000008002e04        0x0 linker stubs
 *(.eh_frame)
 .eh_frame      0x0000000008002e04        0x0 /opt/Atollic_TrueSTUDIO_for_STM32_x86_64_9.0.1/ARMTools/bin/../lib/gcc/arm-atollic-eabi/6.3.1/armv7e-m/fpu/crtbegin.o
 *(.init)
 .init          0x0000000008002e04        0x4 /opt/Atollic_TrueSTUDIO_for_STM32_x86_64_9.0.1/ARMTools/bin/../lib/gcc/arm-atollic-eabi/6.3.1/armv7e-m/fpu/crti.o
                0x0000000008002e04                _init
 .init          0x0000000008002e08        0x8 /opt/Atollic_TrueSTUDIO_for_STM32_x86_64_9.0.1/ARMTools/bin/../lib/gcc/arm-atollic-eabi/6.3.1/armv7e-m/fpu/crtn.o
 *(.fini)
 .fini          0x0000000008002e10        0x4 /opt/Atollic_TrueSTUDIO_for_STM32_x86_64_9.0.1/ARMTools/bin/../lib/gcc/arm-atollic-eabi/6.3.1/armv7e-m/fpu/crti.o
                0x0000000008002e10                _fini
 .fini          0x0000000008002e14        0x8 /opt/Atollic_TrueSTUDIO_for_STM32_x86_64_9.0.1/ARMTools/bin/../lib/gcc/arm-atollic-eabi/6.3.1/armv7e-m/fpu/crtn.o
                0x0000000008002e1c                . = ALIGN (0x4)
                0x0000000008002e1c                _etext = .

.vfp11_veneer   0x0000000008002e1c        0x0
 .vfp11_veneer  0x0000000008002e1c        0x0 linker stubs

.v4_bx          0x0000000008002e1c        0x0
 .v4_bx         0x0000000008002e1c        0x0 linker stubs

.iplt           0x0000000008002e1c        0x0
 .iplt          0x0000000008002e1c        0x0 /opt/Atollic_TrueSTUDIO_for_STM32_x86_64_9.0.1/ARMTools/bin/../lib/gcc/arm-atollic-eabi/6.3.1/armv7e-m/fpu/crtbegin.o

.rodata         0x0000000008002e1c       0x98
                0x0000000008002e1c                . = ALIGN (0x4)
 *(.rodata)
 .rodata        0x0000000008002e1c        0xf FATFs/ff.o
 *fill*         0x0000000008002e2b        0x1 
 .rodata        0x0000000008002e2c        0x6 src/main.o
 *(.rodata*)
 *fill*         0x0000000008002e32        0x2 
 .rodata.excvt.5560
                0x0000000008002e34       0x80 FATFs/ff.o
                0x0000000008002eb4                . = ALIGN (0x4)

.rel.dyn        0x0000000008002eb4        0x0
 .rel.iplt      0x0000000008002eb4        0x0 /opt/Atollic_TrueSTUDIO_for_STM32_x86_64_9.0.1/ARMTools/bin/../lib/gcc/arm-atollic-eabi/6.3.1/armv7e-m/fpu/crtbegin.o

.ARM.extab
 *(.ARM.extab* .gnu.linkonce.armextab.*)

.ARM            0x0000000008002eb4        0x0
                0x0000000008002eb4                __exidx_start = .
 *(.ARM.exidx*)
                0x0000000008002eb4                __exidx_end = .

.preinit_array  0x0000000008002eb4        0x0
                0x0000000008002eb4                PROVIDE (__preinit_array_start, .)
 *(.preinit_array*)
                0x0000000008002eb4                PROVIDE (__preinit_array_end, .)

.init_array     0x0000000008002eb4        0x4
                0x0000000008002eb4                PROVIDE (__init_array_start, .)
 *(SORT(.init_array.*))
 *(.init_array*)
 .init_array    0x0000000008002eb4        0x4 /opt/Atollic_TrueSTUDIO_for_STM32_x86_64_9.0.1/ARMTools/bin/../lib/gcc/arm-atollic-eabi/6.3.1/armv7e-m/fpu/crtbegin.o
                0x0000000008002eb8                PROVIDE (__init_array_end, .)

.fini_array     0x0000000008002eb8        0x4
                [!provide]                        PROVIDE (__fini_array_start, .)
 *(SORT(.fini_array.*))
 *(.fini_array*)
 .fini_array    0x0000000008002eb8        0x4 /opt/Atollic_TrueSTUDIO_for_STM32_x86_64_9.0.1/ARMTools/bin/../lib/gcc/arm-atollic-eabi/6.3.1/armv7e-m/fpu/crtbegin.o
                [!provide]                        PROVIDE (__fini_array_end, .)
                0x0000000008002ebc                _sidata = LOADADDR (.data)

.data           0x0000000020000000     0x8a9c load address 0x0000000008002ebc
                0x0000000020000000                . = ALIGN (0x4)
                0x0000000020000000                _sdata = .
 *(.data)
 *(.data*)
 .data._ZL4Stat
                0x0000000020000000        0x1 FATFs/sd_stm32.o
 *fill*         0x0000000020000001        0x3 
 .data.sound_wav
                0x0000000020000004     0x8a84 src/main.o
                0x0000000020000004                sound_wav
 .data.SystemCoreClock
                0x0000000020008a88        0x4 src/system_stm32f3xx.o
                0x0000000020008a88                SystemCoreClock
 .data.AHBPrescTable
                0x0000000020008a8c       0x10 src/system_stm32f3xx.o
                0x0000000020008a8c                AHBPrescTable
                0x0000000020008a9c                . = ALIGN (0x4)
                0x0000000020008a9c                _edata = .
                0x000000000800b958                _siccmram = LOADADDR (.ccmram)

.igot.plt       0x0000000020008a9c        0x0 load address 0x000000000800b958
 .igot.plt      0x0000000020008a9c        0x0 /opt/Atollic_TrueSTUDIO_for_STM32_x86_64_9.0.1/ARMTools/bin/../lib/gcc/arm-atollic-eabi/6.3.1/armv7e-m/fpu/crtbegin.o

.ccmram         0x0000000010000000        0x0 load address 0x000000000800b958
                0x0000000010000000                . = ALIGN (0x4)
                0x0000000010000000                _sccmram = .
 *(.ccmram)
 *(.ccmram*)
                0x0000000010000000                . = ALIGN (0x4)
                0x0000000010000000                _eccmram = .
                0x0000000010000000                . = ALIGN (0x4)

.bss            0x0000000020008a9c       0x28
                0x0000000020008a9c                _sbss = .
                0x0000000020008a9c                __bss_start__ = _sbss
 *(.bss)
 .bss           0x0000000020008a9c       0x1c /opt/Atollic_TrueSTUDIO_for_STM32_x86_64_9.0.1/ARMTools/bin/../lib/gcc/arm-atollic-eabi/6.3.1/armv7e-m/fpu/crtbegin.o
 *(.bss*)
 .bss.FatFs     0x0000000020008ab8        0x4 FATFs/ff.o
 .bss.Fsid      0x0000000020008abc        0x2 FATFs/ff.o
 .bss._ZL6Timer1
                0x0000000020008abe        0x1 FATFs/sd_stm32.o
 .bss._ZL6Timer2
                0x0000000020008abf        0x1 FATFs/sd_stm32.o
 .bss._ZL8CardType
                0x0000000020008ac0        0x1 FATFs/sd_stm32.o
 .bss._ZL9PowerFlag
                0x0000000020008ac1        0x1 FATFs/sd_stm32.o
 *(COMMON)
                0x0000000020008ac4                . = ALIGN (0x4)
 *fill*         0x0000000020008ac2        0x2 
                0x0000000020008ac4                _ebss = .
                0x0000000020008ac4                __bss_end__ = _ebss

._user_heap_stack
                0x0000000020008ac4      0x200
                0x0000000020008ac4                . = ALIGN (0x4)
                [!provide]                        PROVIDE (end, .)
                [!provide]                        PROVIDE (_end, .)
                0x0000000020008ac4                . = (. + _Min_Heap_Size)
                0x0000000020008cc4                . = (. + _Min_Stack_Size)
 *fill*         0x0000000020008ac4      0x200 
                0x0000000020008cc4                . = ALIGN (0x4)

.memory_b1_text
 *(.mb1text)
 *(.mb1text*)
 *(.mb1rodata)
 *(.mb1rodata*)

/DISCARD/
 libc.a(*)
 libm.a(*)
 libgcc.a(*)

.ARM.attributes
                0x0000000000000000       0x30
 *(.ARM.attributes)
 .ARM.attributes
                0x0000000000000000       0x22 /opt/Atollic_TrueSTUDIO_for_STM32_x86_64_9.0.1/ARMTools/bin/../lib/gcc/arm-atollic-eabi/6.3.1/armv7e-m/fpu/crti.o
 .ARM.attributes
                0x0000000000000022       0x34 /opt/Atollic_TrueSTUDIO_for_STM32_x86_64_9.0.1/ARMTools/bin/../lib/gcc/arm-atollic-eabi/6.3.1/armv7e-m/fpu/crtbegin.o
 .ARM.attributes
                0x0000000000000056       0x39 FATFs/ff.o
 .ARM.attributes
                0x000000000000008f       0x39 FATFs/sd_stm32.o
 .ARM.attributes
                0x00000000000000c8       0x39 src/dac.o
 .ARM.attributes
                0x0000000000000101       0x39 src/main.o
 .ARM.attributes
                0x000000000000013a       0x39 src/spi.o
 .ARM.attributes
                0x0000000000000173       0x21 src/startup_stm32f303xc.o
 .ARM.attributes
                0x0000000000000194       0x39 src/system_stm32f3xx.o
 .ARM.attributes
                0x00000000000001cd       0x34 /opt/Atollic_TrueSTUDIO_for_STM32_x86_64_9.0.1/ARMTools/bin/../lib/gcc/arm-atollic-eabi/6.3.1/../../../../arm-atollic-eabi/lib/armv7e-m/fpu/libc_nano.a(lib_a-init.o)
 .ARM.attributes
                0x0000000000000201       0x22 /opt/Atollic_TrueSTUDIO_for_STM32_x86_64_9.0.1/ARMTools/bin/../lib/gcc/arm-atollic-eabi/6.3.1/armv7e-m/fpu/crtn.o
OUTPUT(home_control_ring.elf elf32-littlearm)

.debug_info     0x0000000000000000     0x34c8
 .debug_info    0x0000000000000000     0x1638 FATFs/ff.o
 .debug_info    0x0000000000001638      0xe47 FATFs/sd_stm32.o
 .debug_info    0x000000000000247f      0x1d7 src/dac.o
 .debug_info    0x0000000000002656      0x66a src/main.o
 .debug_info    0x0000000000002cc0      0x32d src/spi.o
 .debug_info    0x0000000000002fed       0x7a src/startup_stm32f303xc.o
 .debug_info    0x0000000000003067      0x461 src/system_stm32f3xx.o

.debug_abbrev   0x0000000000000000      0xaa4
 .debug_abbrev  0x0000000000000000      0x1e6 FATFs/ff.o
 .debug_abbrev  0x00000000000001e6      0x2b6 FATFs/sd_stm32.o
 .debug_abbrev  0x000000000000049c      0x11f src/dac.o
 .debug_abbrev  0x00000000000005bb      0x226 src/main.o
 .debug_abbrev  0x00000000000007e1      0x192 src/spi.o
 .debug_abbrev  0x0000000000000973       0x12 src/startup_stm32f303xc.o
 .debug_abbrev  0x0000000000000985      0x11f src/system_stm32f3xx.o

.debug_aranges  0x0000000000000000      0x2d8
 .debug_aranges
                0x0000000000000000      0x160 FATFs/ff.o
 .debug_aranges
                0x0000000000000160       0xa8 FATFs/sd_stm32.o
 .debug_aranges
                0x0000000000000208       0x28 src/dac.o
 .debug_aranges
                0x0000000000000230       0x20 src/main.o
 .debug_aranges
                0x0000000000000250       0x38 src/spi.o
 .debug_aranges
                0x0000000000000288       0x28 src/startup_stm32f303xc.o
 .debug_aranges
                0x00000000000002b0       0x28 src/system_stm32f3xx.o

.debug_ranges   0x0000000000000000      0x270
 .debug_ranges  0x0000000000000000      0x150 FATFs/ff.o
 .debug_ranges  0x0000000000000150       0x98 FATFs/sd_stm32.o
 .debug_ranges  0x00000000000001e8       0x18 src/dac.o
 .debug_ranges  0x0000000000000200       0x10 src/main.o
 .debug_ranges  0x0000000000000210       0x28 src/spi.o
 .debug_ranges  0x0000000000000238       0x20 src/startup_stm32f303xc.o
 .debug_ranges  0x0000000000000258       0x18 src/system_stm32f3xx.o

.debug_line     0x0000000000000000     0x19ab
 .debug_line    0x0000000000000000      0xb84 FATFs/ff.o
 .debug_line    0x0000000000000b84      0x630 FATFs/sd_stm32.o
 .debug_line    0x00000000000011b4      0x1a6 src/dac.o
 .debug_line    0x000000000000135a      0x214 src/main.o
 .debug_line    0x000000000000156e      0x1e1 src/spi.o
 .debug_line    0x000000000000174f       0x7b src/startup_stm32f303xc.o
 .debug_line    0x00000000000017ca      0x1e1 src/system_stm32f3xx.o

.debug_str      0x0000000000000000     0x1029
 .debug_str     0x0000000000000000      0x58f FATFs/ff.o
                                        0x616 (size before relaxing)
 .debug_str     0x000000000000058f      0x6b0 FATFs/sd_stm32.o
                                        0x86d (size before relaxing)
 .debug_str     0x0000000000000c3f       0x65 src/dac.o
                                        0x27b (size before relaxing)
 .debug_str     0x0000000000000ca4      0x1bc src/main.o
                                        0x668 (size before relaxing)
 .debug_str     0x0000000000000e60       0x91 src/spi.o
                                        0x35d (size before relaxing)
 .debug_str     0x0000000000000ef1      0x138 src/system_stm32f3xx.o
                                        0x324 (size before relaxing)

.comment        0x0000000000000000       0x7c
 .comment       0x0000000000000000       0x7c FATFs/ff.o
                                         0x7d (size before relaxing)
 .comment       0x000000000000007c       0x7d FATFs/sd_stm32.o
 .comment       0x000000000000007c       0x7d src/dac.o
 .comment       0x000000000000007c       0x7d src/main.o
 .comment       0x000000000000007c       0x7d src/spi.o
 .comment       0x000000000000007c       0x7d src/system_stm32f3xx.o

.debug_frame    0x0000000000000000      0xa50
 .debug_frame   0x0000000000000000      0x60c FATFs/ff.o
 .debug_frame   0x000000000000060c      0x290 FATFs/sd_stm32.o
 .debug_frame   0x000000000000089c       0x60 src/dac.o
 .debug_frame   0x00000000000008fc       0x30 src/main.o
 .debug_frame   0x000000000000092c       0xa0 src/spi.o
 .debug_frame   0x00000000000009cc       0x58 src/system_stm32f3xx.o
 .debug_frame   0x0000000000000a24       0x2c /opt/Atollic_TrueSTUDIO_for_STM32_x86_64_9.0.1/ARMTools/bin/../lib/gcc/arm-atollic-eabi/6.3.1/../../../../arm-atollic-eabi/lib/armv7e-m/fpu/libc_nano.a(lib_a-init.o)

.stabstr        0x0000000000000000       0x3f
 .stabstr       0x0000000000000000       0x3f /opt/Atollic_TrueSTUDIO_for_STM32_x86_64_9.0.1/ARMTools/bin/../lib/gcc/arm-atollic-eabi/6.3.1/../../../../arm-atollic-eabi/lib/armv7e-m/fpu/libnosys.a(write.o)

Cross Reference Table

Symbol                                            File
ADC1_2_IRQHandler                                 src/startup_stm32f303xc.o
ADC3_IRQHandler                                   src/startup_stm32f303xc.o
ADC4_IRQHandler                                   src/startup_stm32f303xc.o
AHBPrescTable                                     src/system_stm32f3xx.o
BusFault_Handler                                  src/startup_stm32f303xc.o
CAN_RX1_IRQHandler                                src/startup_stm32f303xc.o
CAN_SCE_IRQHandler                                src/startup_stm32f303xc.o
COMP1_2_3_IRQHandler                              src/startup_stm32f303xc.o
COMP4_5_6_IRQHandler                              src/startup_stm32f303xc.o
COMP7_IRQHandler                                  src/startup_stm32f303xc.o
DMA1_Channel1_IRQHandler                          src/startup_stm32f303xc.o
DMA1_Channel2_IRQHandler                          src/startup_stm32f303xc.o
DMA1_Channel3_IRQHandler                          src/startup_stm32f303xc.o
DMA1_Channel4_IRQHandler                          src/startup_stm32f303xc.o
DMA1_Channel5_IRQHandler                          src/startup_stm32f303xc.o
DMA1_Channel6_IRQHandler                          src/startup_stm32f303xc.o
DMA1_Channel7_IRQHandler                          src/startup_stm32f303xc.o
DMA2_Channel1_IRQHandler                          src/startup_stm32f303xc.o
DMA2_Channel2_IRQHandler                          src/startup_stm32f303xc.o
DMA2_Channel3_IRQHandler                          src/startup_stm32f303xc.o
DMA2_Channel4_IRQHandler                          src/startup_stm32f303xc.o
DMA2_Channel5_IRQHandler                          src/startup_stm32f303xc.o
DebugMon_Handler                                  src/startup_stm32f303xc.o
Default_Handler                                   src/startup_stm32f303xc.o
EXTI0_IRQHandler                                  src/startup_stm32f303xc.o
EXTI15_10_IRQHandler                              src/startup_stm32f303xc.o
EXTI1_IRQHandler                                  src/startup_stm32f303xc.o
EXTI2_TSC_IRQHandler                              src/startup_stm32f303xc.o
EXTI3_IRQHandler                                  src/startup_stm32f303xc.o
EXTI4_IRQHandler                                  src/startup_stm32f303xc.o
EXTI9_5_IRQHandler                                src/startup_stm32f303xc.o
FLASH_IRQHandler                                  src/startup_stm32f303xc.o
FPU_IRQHandler                                    src/startup_stm32f303xc.o
HardFault_Handler                                 src/startup_stm32f303xc.o
I2C1_ER_IRQHandler                                src/startup_stm32f303xc.o
I2C1_EV_IRQHandler                                src/startup_stm32f303xc.o
I2C2_ER_IRQHandler                                src/startup_stm32f303xc.o
I2C2_EV_IRQHandler                                src/startup_stm32f303xc.o
MemManage_Handler                                 src/startup_stm32f303xc.o
NMI_Handler                                       src/startup_stm32f303xc.o
PVD_IRQHandler                                    src/startup_stm32f303xc.o
PendSV_Handler                                    src/startup_stm32f303xc.o
RCC_IRQHandler                                    src/startup_stm32f303xc.o
RTC_Alarm_IRQHandler                              src/startup_stm32f303xc.o
RTC_WKUP_IRQHandler                               src/startup_stm32f303xc.o
Reset_Handler                                     src/startup_stm32f303xc.o
SPI1_IRQHandler                                   src/startup_stm32f303xc.o
SPI2_IRQHandler                                   src/startup_stm32f303xc.o
SPI3_IRQHandler                                   src/startup_stm32f303xc.o
SVC_Handler                                       src/startup_stm32f303xc.o
SpiDriver::SpiCsHigh()                            src/spi.o
                                                  FATFs/sd_stm32.o
SpiDriver::SpiCsLow()                             src/spi.o
                                                  FATFs/sd_stm32.o
SpiDriver::SpiDriver()                            src/spi.o
SpiDriver::SpiDriver()                            src/spi.o
                                                  src/main.o
SpiDriver::Transmit(unsigned char)                src/spi.o
                                                  FATFs/sd_stm32.o
SysTick_Handler                                   src/startup_stm32f303xc.o
SystemCoreClock                                   src/system_stm32f3xx.o
SystemCoreClockUpdate                             src/system_stm32f3xx.o
                                                  src/main.o
SystemInit                                        src/system_stm32f3xx.o
                                                  src/startup_stm32f303xc.o
TAMP_STAMP_IRQHandler                             src/startup_stm32f303xc.o
TIM1_BRK_TIM15_IRQHandler                         src/startup_stm32f303xc.o
TIM1_CC_IRQHandler                                src/startup_stm32f303xc.o
TIM1_TRG_COM_TIM17_IRQHandler                     src/startup_stm32f303xc.o
TIM1_UP_TIM16_IRQHandler                          src/startup_stm32f303xc.o
TIM2_IRQHandler                                   src/startup_stm32f303xc.o
TIM3_IRQHandler                                   src/startup_stm32f303xc.o
TIM4_IRQHandler                                   src/startup_stm32f303xc.o
TIM6_DAC_IRQHandler                               src/startup_stm32f303xc.o
TIM7_IRQHandler                                   src/startup_stm32f303xc.o
TIM8_BRK_IRQHandler                               src/startup_stm32f303xc.o
TIM8_CC_IRQHandler                                src/startup_stm32f303xc.o
TIM8_TRG_COM_IRQHandler                           src/startup_stm32f303xc.o
TIM8_UP_IRQHandler                                src/startup_stm32f303xc.o
UART4_IRQHandler                                  src/startup_stm32f303xc.o
UART5_IRQHandler                                  src/startup_stm32f303xc.o
USART1_IRQHandler                                 src/startup_stm32f303xc.o
USART2_IRQHandler                                 src/startup_stm32f303xc.o
USART3_IRQHandler                                 src/startup_stm32f303xc.o
USBWakeUp_IRQHandler                              src/startup_stm32f303xc.o
USBWakeUp_RMP_IRQHandler                          src/startup_stm32f303xc.o
USB_HP_CAN_TX_IRQHandler                          src/startup_stm32f303xc.o
USB_HP_IRQHandler                                 src/startup_stm32f303xc.o
USB_LP_CAN_RX0_IRQHandler                         src/startup_stm32f303xc.o
USB_LP_IRQHandler                                 src/startup_stm32f303xc.o
UsageFault_Handler                                src/startup_stm32f303xc.o
WWDG_IRQHandler                                   src/startup_stm32f303xc.o
__deregister_frame_info                           /opt/Atollic_TrueSTUDIO_for_STM32_x86_64_9.0.1/ARMTools/bin/../lib/gcc/arm-atollic-eabi/6.3.1/armv7e-m/fpu/crtbegin.o
__dso_handle                                      /opt/Atollic_TrueSTUDIO_for_STM32_x86_64_9.0.1/ARMTools/bin/../lib/gcc/arm-atollic-eabi/6.3.1/armv7e-m/fpu/crtbegin.o
__init_array_end                                  /opt/Atollic_TrueSTUDIO_for_STM32_x86_64_9.0.1/ARMTools/bin/../lib/gcc/arm-atollic-eabi/6.3.1/../../../../arm-atollic-eabi/lib/armv7e-m/fpu/libc_nano.a(lib_a-init.o)
__init_array_start                                /opt/Atollic_TrueSTUDIO_for_STM32_x86_64_9.0.1/ARMTools/bin/../lib/gcc/arm-atollic-eabi/6.3.1/../../../../arm-atollic-eabi/lib/armv7e-m/fpu/libc_nano.a(lib_a-init.o)
__libc_init_array                                 /opt/Atollic_TrueSTUDIO_for_STM32_x86_64_9.0.1/ARMTools/bin/../lib/gcc/arm-atollic-eabi/6.3.1/../../../../arm-atollic-eabi/lib/armv7e-m/fpu/libc_nano.a(lib_a-init.o)
                                                  src/startup_stm32f303xc.o
__preinit_array_end                               /opt/Atollic_TrueSTUDIO_for_STM32_x86_64_9.0.1/ARMTools/bin/../lib/gcc/arm-atollic-eabi/6.3.1/../../../../arm-atollic-eabi/lib/armv7e-m/fpu/libc_nano.a(lib_a-init.o)
__preinit_array_start                             /opt/Atollic_TrueSTUDIO_for_STM32_x86_64_9.0.1/ARMTools/bin/../lib/gcc/arm-atollic-eabi/6.3.1/../../../../arm-atollic-eabi/lib/armv7e-m/fpu/libc_nano.a(lib_a-init.o)
__register_frame_info                             /opt/Atollic_TrueSTUDIO_for_STM32_x86_64_9.0.1/ARMTools/bin/../lib/gcc/arm-atollic-eabi/6.3.1/armv7e-m/fpu/crtbegin.o
_ebss                                             src/startup_stm32f303xc.o
_edata                                            src/startup_stm32f303xc.o
_estack                                           src/startup_stm32f303xc.o
_fini                                             /opt/Atollic_TrueSTUDIO_for_STM32_x86_64_9.0.1/ARMTools/bin/../lib/gcc/arm-atollic-eabi/6.3.1/armv7e-m/fpu/crti.o
_init                                             /opt/Atollic_TrueSTUDIO_for_STM32_x86_64_9.0.1/ARMTools/bin/../lib/gcc/arm-atollic-eabi/6.3.1/armv7e-m/fpu/crti.o
                                                  /opt/Atollic_TrueSTUDIO_for_STM32_x86_64_9.0.1/ARMTools/bin/../lib/gcc/arm-atollic-eabi/6.3.1/../../../../arm-atollic-eabi/lib/armv7e-m/fpu/libc_nano.a(lib_a-init.o)
_sbss                                             src/startup_stm32f303xc.o
_sdata                                            src/startup_stm32f303xc.o
_sidata                                           src/startup_stm32f303xc.o
_write                                            /opt/Atollic_TrueSTUDIO_for_STM32_x86_64_9.0.1/ARMTools/bin/../lib/gcc/arm-atollic-eabi/6.3.1/../../../../arm-atollic-eabi/lib/armv7e-m/fpu/libnosys.a(write.o)
                                                  src/tiny_printf.o
clust2sect                                        FATFs/ff.o
dac::dac()                                        src/dac.o
dac::dac()                                        src/dac.o
dac::dac(unsigned char*, unsigned long)           src/dac.o
dac::dac(unsigned char*, unsigned long)           src/dac.o
                                                  src/main.o
disk_initialize                                   FATFs/sd_stm32.o
                                                  src/main.o
                                                  FATFs/ff.o
disk_ioctl                                        FATFs/sd_stm32.o
                                                  FATFs/ff.o
disk_read                                         FATFs/sd_stm32.o
                                                  FATFs/ff.o
disk_status                                       FATFs/sd_stm32.o
                                                  FATFs/ff.o
disk_timerproc                                    FATFs/sd_stm32.o
disk_write                                        FATFs/sd_stm32.o
                                                  FATFs/ff.o
errno                                             /opt/Atollic_TrueSTUDIO_for_STM32_x86_64_9.0.1/ARMTools/bin/../lib/gcc/arm-atollic-eabi/6.3.1/../../../../arm-atollic-eabi/lib/armv7e-m/fpu/libnosys.a(errno.o)
                                                  /opt/Atollic_TrueSTUDIO_for_STM32_x86_64_9.0.1/ARMTools/bin/../lib/gcc/arm-atollic-eabi/6.3.1/../../../../arm-atollic-eabi/lib/armv7e-m/fpu/libnosys.a(write.o)
f_chmod                                           FATFs/ff.o
f_close                                           FATFs/ff.o
                                                  src/main.o
f_getfree                                         FATFs/ff.o
f_lseek                                           FATFs/ff.o
f_mkdir                                           FATFs/ff.o
f_mount                                           FATFs/ff.o
                                                  src/main.o
f_open                                            FATFs/ff.o
                                                  src/main.o
f_opendir                                         FATFs/ff.o
f_read                                            FATFs/ff.o
                                                  src/main.o
f_readdir                                         FATFs/ff.o
f_rename                                          FATFs/ff.o
f_stat                                            FATFs/ff.o
f_sync                                            FATFs/ff.o
f_truncate                                        FATFs/ff.o
f_unlink                                          FATFs/ff.o
f_utime                                           FATFs/ff.o
f_write                                           FATFs/ff.o
fiprintf                                          src/tiny_printf.o
fprintf                                           src/tiny_printf.o
fputs                                             src/tiny_printf.o
fwrite                                            src/tiny_printf.o
g_pfnVectors                                      src/startup_stm32f303xc.o
get_fat                                           FATFs/ff.o
get_fattime                                       FATFs/ff.o
iprintf                                           src/tiny_printf.o
main                                              src/main.o
                                                  src/startup_stm32f303xc.o
printf                                            src/tiny_printf.o
put_fat                                           FATFs/ff.o
puts                                              src/tiny_printf.o
siprintf                                          src/tiny_printf.o
sound_wav                                         src/main.o
sound_wav_len                                     src/main.o
sprintf                                           src/tiny_printf.o
strlen                                            /opt/Atollic_TrueSTUDIO_for_STM32_x86_64_9.0.1/ARMTools/bin/../lib/gcc/arm-atollic-eabi/6.3.1/../../../../arm-atollic-eabi/lib/armv7e-m/fpu/libc_nano.a(lib_a-strlen.o)
                                                  src/tiny_printf.o
ts_formatlength                                   src/tiny_printf.o
ts_formatstring                                   src/tiny_printf.o
ts_itoa                                           src/tiny_printf.o
